Component: ARM Compiler 5.06 update 7 (build 960) Tool: armlink [4d3601]

==============================================================================

Section Cross References

    startup_stm32f030x6.o(STACK) refers (Special) to heapauxi.o(.text) for __use_two_region_memory
    startup_stm32f030x6.o(HEAP) refers (Special) to heapauxi.o(.text) for __use_two_region_memory
    startup_stm32f030x6.o(RESET) refers (Special) to heapauxi.o(.text) for __use_two_region_memory
    startup_stm32f030x6.o(RESET) refers to startup_stm32f030x6.o(STACK) for __initial_sp
    startup_stm32f030x6.o(RESET) refers to startup_stm32f030x6.o(.text) for Reset_Handler
    startup_stm32f030x6.o(RESET) refers to stm32f0xx_it.o(i.NMI_Handler) for NMI_Handler
    startup_stm32f030x6.o(RESET) refers to stm32f0xx_it.o(i.HardFault_Handler) for HardFault_Handler
    startup_stm32f030x6.o(RESET) refers to stm32f0xx_it.o(i.SVC_Handler) for SVC_Handler
    startup_stm32f030x6.o(RESET) refers to stm32f0xx_it.o(i.PendSV_Handler) for PendSV_Handler
    startup_stm32f030x6.o(RESET) refers to stm32f0xx_it.o(i.SysTick_Handler) for SysTick_Handler
    startup_stm32f030x6.o(RESET) refers to stm32f0xx_it.o(i.EXTI0_1_IRQHandler) for EXTI0_1_IRQHandler
    startup_stm32f030x6.o(.text) refers (Special) to heapauxi.o(.text) for __use_two_region_memory
    startup_stm32f030x6.o(.text) refers to system_stm32f0xx.o(i.SystemInit) for SystemInit
    startup_stm32f030x6.o(.text) refers to __main.o(!!!main) for __main
    startup_stm32f030x6.o(.text) refers to startup_stm32f030x6.o(HEAP) for Heap_Mem
    startup_stm32f030x6.o(.text) refers to startup_stm32f030x6.o(STACK) for Stack_Mem
    as608.o(i.test_conected) refers to rt_memclr.o(.text) for __aeabi_memclr4
    as608.o(i.test_conected) refers to rt_memcpy.o(.emb_text) for __aeabi_memcpy4
    as608.o(i.test_conected) refers to stm32f0xx_hal_uart.o(i.HAL_UART_Receive) for HAL_UART_Receive
    as608.o(i.test_conected) refers to stm32f0xx_hal_uart.o(i.HAL_UART_Transmit) for HAL_UART_Transmit
    as608.o(i.test_conected) refers to stm32f0xx_hal.o(i.HAL_Delay) for HAL_Delay
    as608.o(i.test_conected) refers to usart.o(.bss) for huart1
    main.o(i.SystemClock_Config) refers to rt_memclr.o(.text) for __aeabi_memclr4
    main.o(i.SystemClock_Config) refers to stm32f0xx_hal_rcc.o(i.HAL_RCC_OscConfig) for HAL_RCC_OscConfig
    main.o(i.SystemClock_Config) refers to main.o(i.Error_Handler) for Error_Handler
    main.o(i.SystemClock_Config) refers to stm32f0xx_hal_rcc.o(i.HAL_RCC_ClockConfig) for HAL_RCC_ClockConfig
    main.o(i.SystemClock_Config) refers to stm32f0xx_hal_rcc_ex.o(i.HAL_RCCEx_PeriphCLKConfig) for HAL_RCCEx_PeriphCLKConfig
    main.o(i.do_def) refers to stm32f0xx_hal_gpio.o(i.HAL_GPIO_WritePin) for HAL_GPIO_WritePin
    main.o(i.do_def) refers to as608.o(i.test_conected) for test_conected
    main.o(i.do_def) refers to stm32f0xx_hal.o(i.HAL_Delay) for HAL_Delay
    main.o(i.do_def) refers to stm32f0xx_hal_tim.o(i.HAL_TIM_PWM_Start_IT) for HAL_TIM_PWM_Start_IT
    main.o(i.do_def) refers to stm32f0xx_hal_tim.o(i.HAL_TIM_PWM_Stop) for HAL_TIM_PWM_Stop
    main.o(i.do_def) refers to stm32f0xx_hal_adc.o(i.HAL_ADC_Start) for HAL_ADC_Start
    main.o(i.do_def) refers to adc.o(i.test_battery) for test_battery
    main.o(i.do_def) refers to f2d.o(.text) for __aeabi_f2d
    main.o(i.do_def) refers to drlef.o(x$fpl$drleqf) for __aeabi_cdrcmple
    main.o(i.do_def) refers to tim.o(.bss) for htim3
    main.o(i.do_def) refers to adc.o(.bss) for hadc
    main.o(i.main) refers to stm32f0xx_hal.o(i.HAL_Init) for HAL_Init
    main.o(i.main) refers to main.o(i.SystemClock_Config) for SystemClock_Config
    main.o(i.main) refers to gpio.o(i.MX_GPIO_Init) for MX_GPIO_Init
    main.o(i.main) refers to adc.o(i.MX_ADC_Init) for MX_ADC_Init
    main.o(i.main) refers to tim.o(i.MX_TIM3_Init) for MX_TIM3_Init
    main.o(i.main) refers to usart.o(i.MX_USART1_UART_Init) for MX_USART1_UART_Init
    main.o(i.main) refers to stm32f0xx_hal_gpio.o(i.HAL_GPIO_WritePin) for HAL_GPIO_WritePin
    main.o(i.main) refers to stm32f0xx_hal_tim.o(i.HAL_TIM_PWM_Start) for HAL_TIM_PWM_Start
    main.o(i.main) refers to stm32f0xx_hal.o(i.HAL_Delay) for HAL_Delay
    main.o(i.main) refers to stm32f0xx_hal_tim.o(i.HAL_TIM_PWM_Stop) for HAL_TIM_PWM_Stop
    main.o(i.main) refers to tim.o(.bss) for htim3
    gpio.o(i.MX_GPIO_Init) refers to rt_memclr.o(.text) for __aeabi_memclr4
    gpio.o(i.MX_GPIO_Init) refers to stm32f0xx_hal_gpio.o(i.HAL_GPIO_WritePin) for HAL_GPIO_WritePin
    gpio.o(i.MX_GPIO_Init) refers to stm32f0xx_hal_gpio.o(i.HAL_GPIO_Init) for HAL_GPIO_Init
    gpio.o(i.MX_GPIO_Init) refers to stm32f0xx_hal_cortex.o(i.HAL_NVIC_SetPriority) for HAL_NVIC_SetPriority
    gpio.o(i.MX_GPIO_Init) refers to stm32f0xx_hal_cortex.o(i.HAL_NVIC_EnableIRQ) for HAL_NVIC_EnableIRQ
    adc.o(i.HAL_ADC_MspDeInit) refers to stm32f0xx_hal_gpio.o(i.HAL_GPIO_DeInit) for HAL_GPIO_DeInit
[...]
    Removing stm32f0xx_hal_tim.o(i.HAL_TIM_OnePulse_MspInit), (2 bytes).
    Removing stm32f0xx_hal_tim.o(i.HAL_TIM_OnePulse_Start), (148 bytes).
    Removing stm32f0xx_hal_tim.o(i.HAL_TIM_OnePulse_Start_IT), (168 bytes).
    Removing stm32f0xx_hal_tim.o(i.HAL_TIM_OnePulse_Stop), (180 bytes).
    Removing stm32f0xx_hal_tim.o(i.HAL_TIM_OnePulse_Stop_IT), (204 bytes).
    Removing stm32f0xx_hal_tim.o(i.HAL_TIM_PWM_DeInit), (124 bytes).
    Removing stm32f0xx_hal_tim.o(i.HAL_TIM_PWM_GetState), (8 bytes).
    Removing stm32f0xx_hal_tim.o(i.HAL_TIM_PWM_MspDeInit), (2 bytes).
    Removing stm32f0xx_hal_tim.o(i.HAL_TIM_PWM_PulseFinishedCallback), (2 bytes).
    Removing stm32f0xx_hal_tim.o(i.HAL_TIM_PWM_PulseFinishedHalfCpltCallback), (2 bytes).
    Removing stm32f0xx_hal_tim.o(i.HAL_TIM_PWM_Start_DMA), (572 bytes).
    Removing stm32f0xx_hal_tim.o(i.HAL_TIM_PWM_Stop_DMA), (312 bytes).
    Removing stm32f0xx_hal_tim.o(i.HAL_TIM_PWM_Stop_IT), (280 bytes).
    Removing stm32f0xx_hal_tim.o(i.HAL_TIM_PeriodElapsedCallback), (2 bytes).
    Removing stm32f0xx_hal_tim.o(i.HAL_TIM_PeriodElapsedHalfCpltCallback), (2 bytes).
    Removing stm32f0xx_hal_tim.o(i.HAL_TIM_ReadCapturedValue), (52 bytes).
    Removing stm32f0xx_hal_tim.o(i.HAL_TIM_SlaveConfigSynchro), (112 bytes).
    Removing stm32f0xx_hal_tim.o(i.HAL_TIM_SlaveConfigSynchro_IT), (112 bytes).
    Removing stm32f0xx_hal_tim.o(i.HAL_TIM_TriggerCallback), (2 bytes).
    Removing stm32f0xx_hal_tim.o(i.HAL_TIM_TriggerHalfCpltCallback), (2 bytes).
    Removing stm32f0xx_hal_tim.o(i.TIM_DMACaptureCplt), (128 bytes).
    Removing stm32f0xx_hal_tim.o(i.TIM_DMACaptureHalfCplt), (64 bytes).
    Removing stm32f0xx_hal_tim.o(i.TIM_DMADelayPulseCplt), (112 bytes).
    Removing stm32f0xx_hal_tim.o(i.TIM_DMADelayPulseHalfCplt), (64 bytes).
    Removing stm32f0xx_hal_tim.o(i.TIM_DMAError), (96 bytes).
    Removing stm32f0xx_hal_tim.o(i.TIM_DMAPeriodElapsedCplt), (28 bytes).
    Removing stm32f0xx_hal_tim.o(i.TIM_DMAPeriodElapsedHalfCplt), (14 bytes).
    Removing stm32f0xx_hal_tim.o(i.TIM_DMATriggerCplt), (28 bytes).
    Removing stm32f0xx_hal_tim.o(i.TIM_DMATriggerHalfCplt), (14 bytes).
    Removing stm32f0xx_hal_tim.o(i.TIM_SlaveTimer_SetConfig), (184 bytes).
    Removing stm32f0xx_hal_tim.o(i.TIM_TI1_SetConfig), (96 bytes).
    Removing stm32f0xx_hal_tim.o(i.TIM_TI2_SetConfig), (72 bytes).
    Removing stm32f0xx_hal_tim.o(i.TIM_TI3_SetConfig), (70 bytes).
    Removing stm32f0xx_hal_tim.o(i.TIM_TI4_SetConfig), (78 bytes).
    Removing stm32f0xx_hal_tim_ex.o(.rev16_text), (4 bytes).
    Removing stm32f0xx_hal_tim_ex.o(.revsh_text), (4 bytes).
    Removing stm32f0xx_hal_tim_ex.o(i.HAL_TIMEx_BreakCallback), (2 bytes).
    Removing stm32f0xx_hal_tim_ex.o(i.HAL_TIMEx_CommutCallback), (2 bytes).
    Removing stm32f0xx_hal_tim_ex.o(i.HAL_TIMEx_CommutHalfCpltCallback), (2 bytes).
    Removing stm32f0xx_hal_tim_ex.o(i.HAL_TIMEx_ConfigBreakDeadTime), (140 bytes).
    Removing stm32f0xx_hal_tim_ex.o(i.HAL_TIMEx_ConfigCommutEvent), (138 bytes).
    Removing stm32f0xx_hal_tim_ex.o(i.HAL_TIMEx_ConfigCommutEvent_DMA), (168 bytes).
    Removing stm32f0xx_hal_tim_ex.o(i.HAL_TIMEx_ConfigCommutEvent_IT), (138 bytes).
    Removing stm32f0xx_hal_tim_ex.o(i.HAL_TIMEx_GetChannelNState), (40 bytes).
    Removing stm32f0xx_hal_tim_ex.o(i.HAL_TIMEx_HallSensor_DeInit), (100 bytes).
    Removing stm32f0xx_hal_tim_ex.o(i.HAL_TIMEx_HallSensor_GetState), (8 bytes).
    Removing stm32f0xx_hal_tim_ex.o(i.HAL_TIMEx_HallSensor_Init), (232 bytes).
    Removing stm32f0xx_hal_tim_ex.o(i.HAL_TIMEx_HallSensor_MspDeInit), (2 bytes).
    Removing stm32f0xx_hal_tim_ex.o(i.HAL_TIMEx_HallSensor_MspInit), (2 bytes).
    Removing stm32f0xx_hal_tim_ex.o(i.HAL_TIMEx_HallSensor_Start), (144 bytes).
    Removing stm32f0xx_hal_tim_ex.o(i.HAL_TIMEx_HallSensor_Start_DMA), (220 bytes).
    Removing stm32f0xx_hal_tim_ex.o(i.HAL_TIMEx_HallSensor_Start_IT), (152 bytes).
    Removing stm32f0xx_hal_tim_ex.o(i.HAL_TIMEx_HallSensor_Stop), (80 bytes).
    Removing stm32f0xx_hal_tim_ex.o(i.HAL_TIMEx_HallSensor_Stop_DMA), (92 bytes).
    Removing stm32f0xx_hal_tim_ex.o(i.HAL_TIMEx_HallSensor_Stop_IT), (92 bytes).
    Removing stm32f0xx_hal_tim_ex.o(i.HAL_TIMEx_OCN_Start), (180 bytes).
    Removing stm32f0xx_hal_tim_ex.o(i.HAL_TIMEx_OCN_Start_DMA), (464 bytes).
    Removing stm32f0xx_hal_tim_ex.o(i.HAL_TIMEx_OCN_Start_IT), (260 bytes).
    Removing stm32f0xx_hal_tim_ex.o(i.HAL_TIMEx_OCN_Stop), (148 bytes).
    Removing stm32f0xx_hal_tim_ex.o(i.HAL_TIMEx_OCN_Stop_DMA), (240 bytes).
    Removing stm32f0xx_hal_tim_ex.o(i.HAL_TIMEx_OCN_Stop_IT), (244 bytes).
    Removing stm32f0xx_hal_tim_ex.o(i.HAL_TIMEx_OnePulseN_Start), (118 bytes).
    Removing stm32f0xx_hal_tim_ex.o(i.HAL_TIMEx_OnePulseN_Start_IT), (140 bytes).
    Removing stm32f0xx_hal_tim_ex.o(i.HAL_TIMEx_OnePulseN_Stop), (148 bytes).
    Removing stm32f0xx_hal_tim_ex.o(i.HAL_TIMEx_OnePulseN_Stop_IT), (172 bytes).
    Removing stm32f0xx_hal_tim_ex.o(i.HAL_TIMEx_PWMN_Start), (180 bytes).
    Removing stm32f0xx_hal_tim_ex.o(i.HAL_TIMEx_PWMN_Start_DMA), (464 bytes).
    Removing stm32f0xx_hal_tim_ex.o(i.HAL_TIMEx_PWMN_Start_IT), (260 bytes).
    Removing stm32f0xx_hal_tim_ex.o(i.HAL_TIMEx_PWMN_Stop), (148 bytes).
    Removing stm32f0xx_hal_tim_ex.o(i.HAL_TIMEx_PWMN_Stop_DMA), (240 bytes).
    Removing stm32f0xx_hal_tim_ex.o(i.HAL_TIMEx_PWMN_Stop_IT), (244 bytes).
    Removing stm32f0xx_hal_tim_ex.o(i.HAL_TIMEx_RemapConfig), (42 bytes).
    Removing stm32f0xx_hal_tim_ex.o(i.TIMEx_DMACommutationCplt), (20 bytes).
    Removing stm32f0xx_hal_tim_ex.o(i.TIMEx_DMACommutationHalfCplt), (20 bytes).
    Removing stm32f0xx_hal_tim_ex.o(i.TIM_CCxNChannelCmd), (34 bytes).
    Removing stm32f0xx_hal_tim_ex.o(i.TIM_DMADelayPulseNCplt), (112 bytes).
    Removing stm32f0xx_hal_tim_ex.o(i.TIM_DMAErrorCCxN), (70 bytes).
    Removing stm32f0xx_hal_uart.o(.rev16_text), (4 bytes).
    Removing stm32f0xx_hal_uart.o(.revsh_text), (4 bytes).
    Removing stm32f0xx_hal_uart.o(i.HAL_HalfDuplex_EnableReceiver), (116 bytes).
    Removing stm32f0xx_hal_uart.o(i.HAL_HalfDuplex_EnableTransmitter), (116 bytes).
    Removing stm32f0xx_hal_uart.o(i.HAL_HalfDuplex_Init), (116 bytes).
    Removing stm32f0xx_hal_uart.o(i.HAL_MultiProcessor_DisableMuteMode), (78 bytes).
    Removing stm32f0xx_hal_uart.o(i.HAL_MultiProcessor_EnableMuteMode), (78 bytes).
    Removing stm32f0xx_hal_uart.o(i.HAL_MultiProcessor_EnterMuteMode), (14 bytes).
    Removing stm32f0xx_hal_uart.o(i.HAL_MultiProcessor_Init), (160 bytes).
    Removing stm32f0xx_hal_uart.o(i.HAL_UARTEx_RxEventCallback), (2 bytes).
    Removing stm32f0xx_hal_uart.o(i.HAL_UART_Abort), (338 bytes).
    Removing stm32f0xx_hal_uart.o(i.HAL_UART_AbortCpltCallback), (2 bytes).
    Removing stm32f0xx_hal_uart.o(i.HAL_UART_AbortReceive), (238 bytes).
    Removing stm32f0xx_hal_uart.o(i.HAL_UART_AbortReceiveCpltCallback), (2 bytes).
    Removing stm32f0xx_hal_uart.o(i.HAL_UART_AbortReceive_IT), (272 bytes).
    Removing stm32f0xx_hal_uart.o(i.HAL_UART_AbortTransmit), (140 bytes).
    Removing stm32f0xx_hal_uart.o(i.HAL_UART_AbortTransmitCpltCallback), (2 bytes).
    Removing stm32f0xx_hal_uart.o(i.HAL_UART_AbortTransmit_IT), (164 bytes).
    Removing stm32f0xx_hal_uart.o(i.HAL_UART_Abort_IT), (396 bytes).
    Removing stm32f0xx_hal_uart.o(i.HAL_UART_DMAPause), (214 bytes).
    Removing stm32f0xx_hal_uart.o(i.HAL_UART_DMAResume), (196 bytes).
    Removing stm32f0xx_hal_uart.o(i.HAL_UART_DMAStop), (196 bytes).
    Removing stm32f0xx_hal_uart.o(i.HAL_UART_DeInit), (74 bytes).
    Removing stm32f0xx_hal_uart.o(i.HAL_UART_DisableReceiverTimeout), (68 bytes).
    Removing stm32f0xx_hal_uart.o(i.HAL_UART_EnableReceiverTimeout), (68 bytes).
    Removing stm32f0xx_hal_uart.o(i.HAL_UART_ErrorCallback), (2 bytes).
    Removing stm32f0xx_hal_uart.o(i.HAL_UART_GetError), (8 bytes).
    Removing stm32f0xx_hal_uart.o(i.HAL_UART_GetState), (12 bytes).
    Removing stm32f0xx_hal_uart.o(i.HAL_UART_IRQHandler), (928 bytes).
    Removing stm32f0xx_hal_uart.o(i.HAL_UART_MspDeInit), (2 bytes).
    Removing stm32f0xx_hal_uart.o(i.HAL_UART_MspInit), (2 bytes).
    Removing stm32f0xx_hal_uart.o(i.HAL_UART_Receive_DMA), (144 bytes).
    Removing stm32f0xx_hal_uart.o(i.HAL_UART_Receive_IT), (144 bytes).
    Removing stm32f0xx_hal_uart.o(i.HAL_UART_ReceiverTimeout_Config), (16 bytes).
    Removing stm32f0xx_hal_uart.o(i.HAL_UART_RxCpltCallback), (2 bytes).
    Removing stm32f0xx_hal_uart.o(i.HAL_UART_RxHalfCpltCallback), (2 bytes).
    Removing stm32f0xx_hal_uart.o(i.HAL_UART_Transmit_DMA), (240 bytes).
    Removing stm32f0xx_hal_uart.o(i.HAL_UART_Transmit_IT), (188 bytes).
    Removing stm32f0xx_hal_uart.o(i.HAL_UART_TxCpltCallback), (2 bytes).
    Removing stm32f0xx_hal_uart.o(i.HAL_UART_TxHalfCpltCallback), (2 bytes).
    Removing stm32f0xx_hal_uart.o(i.UART_DMAAbortOnError), (24 bytes).
    Removing stm32f0xx_hal_uart.o(i.UART_DMAError), (86 bytes).
    Removing stm32f0xx_hal_uart.o(i.UART_DMAReceiveCplt), (192 bytes).
    Removing stm32f0xx_hal_uart.o(i.UART_DMARxAbortCallback), (80 bytes).
    Removing stm32f0xx_hal_uart.o(i.UART_DMARxHalfCplt), (34 bytes).
    Removing stm32f0xx_hal_uart.o(i.UART_DMARxOnlyAbortCallback), (46 bytes).
    Removing stm32f0xx_hal_uart.o(i.UART_DMATransmitCplt), (94 bytes).
    Removing stm32f0xx_hal_uart.o(i.UART_DMATxAbortCallback), (68 bytes).
    Removing stm32f0xx_hal_uart.o(i.UART_DMATxHalfCplt), (14 bytes).
    Removing stm32f0xx_hal_uart.o(i.UART_DMATxOnlyAbortCallback), (24 bytes).
    Removing stm32f0xx_hal_uart.o(i.UART_EndRxTransfer), (126 bytes).
    Removing stm32f0xx_hal_uart.o(i.UART_EndTransmit_IT), (54 bytes).
    Removing stm32f0xx_hal_uart.o(i.UART_EndTxTransfer), (44 bytes).
    Removing stm32f0xx_hal_uart.o(i.UART_RxISR_16BIT), (226 bytes).
    Removing stm32f0xx_hal_uart.o(i.UART_RxISR_8BIT), (226 bytes).
    Removing stm32f0xx_hal_uart.o(i.UART_Start_Receive_DMA), (228 bytes).
    Removing stm32f0xx_hal_uart.o(i.UART_Start_Receive_IT), (224 bytes).
    Removing stm32f0xx_hal_uart.o(i.UART_TxISR_16BIT), (118 bytes).
    Removing stm32f0xx_hal_uart.o(i.UART_TxISR_8BIT), (114 bytes).
    Removing stm32f0xx_hal_uart_ex.o(.rev16_text), (4 bytes).
    Removing stm32f0xx_hal_uart_ex.o(.revsh_text), (4 bytes).
    Removing stm32f0xx_hal_uart_ex.o(i.HAL_MultiProcessorEx_AddressLength_Set), (64 bytes).
    Removing stm32f0xx_hal_uart_ex.o(i.HAL_RS485Ex_Init), (156 bytes).
    Removing stm32f0xx_hal_uart_ex.o(i.HAL_UARTEx_ReceiveToIdle), (408 bytes).
    Removing stm32f0xx_hal_uart_ex.o(i.HAL_UARTEx_ReceiveToIdle_DMA), (154 bytes).
    Removing stm32f0xx_hal_uart_ex.o(i.HAL_UARTEx_ReceiveToIdle_IT), (154 bytes).
    Removing stm32f0xx_hal_uart_ex.o(i.__set_PRIMASK), (6 bytes).
    Removing system_stm32f0xx.o(.rev16_text), (4 bytes).
    Removing system_stm32f0xx.o(.revsh_text), (4 bytes).
    Removing system_stm32f0xx.o(i.SystemCoreClockUpdate), (176 bytes).
    Removing stm32f0xx_hal_dma.o(i.__ARM_common_switch8), (28 bytes).

475 unused section(s) (total 50856 bytes) removed from the image.

==============================================================================

Image Symbol Table

    Local Symbols

    Symbol Name                              Value     Ov Type        Size  Object(Section)

    ../Core/Src/adc.c                        0x00000000   Number         0  adc.o ABSOLUTE
    ../Core/Src/gpio.c                       0x00000000   Number         0  gpio.o ABSOLUTE
    ../Core/Src/main.c                       0x00000000   Number         0  main.o ABSOLUTE
    ../Core/Src/stm32f0xx_hal_msp.c          0x00000000   Number         0  stm32f0xx_hal_msp.o ABSOLUTE
    ../Core/Src/stm32f0xx_it.c               0x00000000   Number         0  stm32f0xx_it.o ABSOLUTE
    ../Core/Src/system_stm32f0xx.c           0x00000000   Number         0  system_stm32f0xx.o ABSOLUTE
    ../Core/Src/tim.c                        0x00000000   Number         0  tim.o ABSOLUTE
    ../Core/Src/usart.c                      0x00000000   Number         0  usart.o ABSOLUTE
    ../Drivers/STM32F0xx_HAL_Driver/Src/stm32f0xx_hal.c 0x00000000   Number         0  stm32f0xx_hal.o ABSOLUTE
    ../Drivers/STM32F0xx_HAL_Driver/Src/stm32f0xx_hal_adc.c 0x00000000   Number         0  stm32f0xx_hal_adc.o ABSOLUTE
    ../Drivers/STM32F0xx_HAL_Driver/Src/stm32f0xx_hal_adc_ex.c 0x00000000   Number         0  stm32f0xx_hal_adc_ex.o ABSOLUTE
    ../Drivers/STM32F0xx_HAL_Driver/Src/stm32f0xx_hal_cortex.c 0x00000000   Number         0  stm32f0xx_hal_cortex.o ABSOLUTE
    ../Drivers/STM32F0xx_HAL_Driver/Src/stm32f0xx_hal_dma.c 0x00000000   Number         0  stm32f0xx_hal_dma.o ABSOLUTE
    ../Drivers/STM32F0xx_HAL_Driver/Src/stm32f0xx_hal_exti.c 0x00000000   Number         0  stm32f0xx_hal_exti.o ABSOLUTE
    ../Drivers/STM32F0xx_HAL_Driver/Src/stm32f0xx_hal_flash.c 0x00000000   Number         0  stm32f0xx_hal_flash.o ABSOLUTE
    ../Drivers/STM32F0xx_HAL_Driver/Src/stm32f0xx_hal_flash_ex.c 0x00000000   Number         0  stm32f0xx_hal_flash_ex.o ABSOLUTE
    ../Drivers/STM32F0xx_HAL_Driver/Src/stm32f0xx_hal_gpio.c 0x00000000   Number         0  stm32f0xx_hal_gpio.o ABSOLUTE
    ../Drivers/STM32F0xx_HAL_Driver/Src/stm32f0xx_hal_i2c.c 0x00000000   Number         0  stm32f0xx_hal_i2c.o ABSOLUTE
    ../Drivers/STM32F0xx_HAL_Driver/Src/stm32f0xx_hal_i2c_ex.c 0x00000000   Number         0  stm32f0xx_hal_i2c_ex.o ABSOLUTE
    ../Drivers/STM32F0xx_HAL_Driver/Src/stm32f0xx_hal_pwr.c 0x00000000   Number         0  stm32f0xx_hal_pwr.o ABSOLUTE
    ../Drivers/STM32F0xx_HAL_Driver/Src/stm32f0xx_hal_pwr_ex.c 0x00000000   Number         0  stm32f0xx_hal_pwr_ex.o ABSOLUTE
    ../Drivers/STM32F0xx_HAL_Driver/Src/stm32f0xx_hal_rcc.c 0x00000000   Number         0  stm32f0xx_hal_rcc.o ABSOLUTE
    ../Drivers/STM32F0xx_HAL_Driver/Src/stm32f0xx_hal_rcc_ex.c 0x00000000   Number         0  stm32f0xx_hal_rcc_ex.o ABSOLUTE
    ../Drivers/STM32F0xx_HAL_Driver/Src/stm32f0xx_hal_tim.c 0x00000000   Number         0  stm32f0xx_hal_tim.o ABSOLUTE
    ../Drivers/STM32F0xx_HAL_Driver/Src/stm32f0xx_hal_tim_ex.c 0x00000000   Number         0  stm32f0xx_hal_tim_ex.o ABSOLUTE
    ../Drivers/STM32F0xx_HAL_Driver/Src/stm32f0xx_hal_uart.c 0x00000000   Number         0  stm32f0xx_hal_uart.o ABSOLUTE
    ../Drivers/STM32F0xx_HAL_Driver/Src/stm32f0xx_hal_uart_ex.c 0x00000000   Number         0  stm32f0xx_hal_uart_ex.o ABSOLUTE
    ../clib/angel/boardlib.s                 0x00000000   Number         0  boardinit1.o ABSOLUTE
    ../clib/angel/boardlib.s                 0x00000000   Number         0  boardinit3.o ABSOLUTE
    ../clib/angel/boardlib.s                 0x00000000   Number         0  boardinit2.o ABSOLUTE
    ../clib/angel/boardlib.s                 0x00000000   Number         0  boardshut.o ABSOLUTE
    ../clib/angel/handlers.s                 0x00000000   Number         0  __scatter_copy.o ABSOLUTE
    ../clib/angel/handlers.s                 0x00000000   Number         0  __scatter_zi.o ABSOLUTE
    ../clib/angel/kernel.s                   0x00000000   Number         0  __rtentry2.o ABSOLUTE
    ../clib/angel/kernel.s                   0x00000000   Number         0  __rtentry.o ABSOLUTE
    ../clib/angel/kernel.s                   0x00000000   Number         0  rtexit.o ABSOLUTE
    ../clib/angel/kernel.s                   0x00000000   Number         0  rtexit2.o ABSOLUTE
    ../clib/angel/kernel.s                   0x00000000   Number         0  __rtentry4.o ABSOLUTE
    ../clib/angel/rt.s                       0x00000000   Number         0  rt_div0.o ABSOLUTE
    ../clib/angel/rt.s                       0x00000000   Number         0  rt_raise.o ABSOLUTE
    ../clib/angel/rt.s                       0x00000000   Number         0  aeabi_ldiv0_sigfpe.o ABSOLUTE
    ../clib/angel/rt.s                       0x00000000   Number         0  aeabi_ldiv0.o ABSOLUTE
    ../clib/angel/rt.s                       0x00000000   Number         0  aeabi_idiv0_sigfpe.o ABSOLUTE
    ../clib/angel/rt.s                       0x00000000   Number         0  aeabi_idiv0.o ABSOLUTE
    ../clib/angel/scatterp.s                 0x00000000   Number         0  __scatter.o ABSOLUTE
    ../clib/angel/startup.s                  0x00000000   Number         0  __main.o ABSOLUTE
    ../clib/angel/sys.s                      0x00000000   Number         0  libspace.o ABSOLUTE
    ../clib/angel/sys.s                      0x00000000   Number         0  indicate_semi.o ABSOLUTE
    ../clib/angel/sys.s                      0x00000000   Number         0  use_no_semi.o ABSOLUTE
    ../clib/angel/sys.s                      0x00000000   Number         0  sys_stackheap_outer.o ABSOLUTE
    ../clib/angel/sys.s                      0x00000000   Number         0  tempstk.o ABSOLUTE
    ../clib/angel/sysapp.c                   0x00000000   Number         0  sys_exit.o ABSOLUTE
    ../clib/angel/sysapp.c                   0x00000000   Number         0  sys_wrch.o ABSOLUTE
    ../clib/angel/sysapp.c                   0x00000000   Number         0  sys_command.o ABSOLUTE
    ../clib/armsys.c                         0x00000000   Number         0  _get_argv_nomalloc.o ABSOLUTE
    ../clib/armsys.c                         0x00000000   Number         0  argv_veneer.o ABSOLUTE
    ../clib/armsys.c                         0x00000000   Number         0  no_argv.o ABSOLUTE
    ../clib/division.c                       0x00000000   Number         0  lludiv.o ABSOLUTE
    ../clib/division.s                       0x00000000   Number         0  aeabi_sdiv.o ABSOLUTE
    ../clib/division.s                       0x00000000   Number         0  aeabi_sdiv_div0.o ABSOLUTE
    ../clib/heapalloc.c                      0x00000000   Number         0  hrguard.o ABSOLUTE
    ../clib/heapaux.c                        0x00000000   Number         0  heapauxi.o ABSOLUTE
    ../clib/libinit.s                        0x00000000   Number         0  libinit2.o ABSOLUTE
    ../clib/libinit.s                        0x00000000   Number         0  libinit.o ABSOLUTE
    ../clib/libinit.s                        0x00000000   Number         0  libshutdown.o ABSOLUTE
    ../clib/libinit.s                        0x00000000   Number         0  libshutdown2.o ABSOLUTE
    ../clib/longlong.c                       0x00000000   Number         0  llushr.o ABSOLUTE
    ../clib/memcpset.c                       0x00000000   Number         0  rt_memcpy.o ABSOLUTE
    ../clib/memcpset.c                       0x00000000   Number         0  rt_memcpy.o ABSOLUTE
    ../clib/memcpset.c                       0x00000000   Number         0  rt_memclr.o ABSOLUTE
    ../clib/signal.c                         0x00000000   Number         0  defsig_fpe_inner.o ABSOLUTE
    ../clib/signal.c                         0x00000000   Number         0  defsig_exit.o ABSOLUTE
    ../clib/signal.c                         0x00000000   Number         0  defsig_fpe_formal.o ABSOLUTE
    ../clib/signal.c                         0x00000000   Number         0  defsig_fpe_outer.o ABSOLUTE
    ../clib/signal.c                         0x00000000   Number         0  defsig_other.o ABSOLUTE
    ../clib/signal.c                         0x00000000   Number         0  defsig_segv_inner.o ABSOLUTE
    ../clib/signal.c                         0x00000000   Number         0  defsig_cppl_inner.o ABSOLUTE
    ../clib/signal.c                         0x00000000   Number         0  defsig_pvfn_inner.o ABSOLUTE
    ../clib/signal.c                         0x00000000   Number         0  defsig_stak_inner.o ABSOLUTE
    ../clib/signal.c                         0x00000000   Number         0  defsig_rtmem_formal.o ABSOLUTE
    ../clib/signal.c                         0x00000000   Number         0  defsig_rtmem_outer.o ABSOLUTE
    ../clib/signal.c                         0x00000000   Number         0  defsig_rtred_inner.o ABSOLUTE
    ../clib/signal.c                         0x00000000   Number         0  defsig_abrt_inner.o ABSOLUTE
    ../clib/signal.c                         0x00000000   Number         0  defsig_rtmem_inner.o ABSOLUTE
    ../clib/signal.c                         0x00000000   Number         0  defsig_general.o ABSOLUTE
    ../clib/signal.c                         0x00000000   Number         0  __raise.o ABSOLUTE
    ../clib/signal.s                         0x00000000   Number         0  defsig.o ABSOLUTE
    ../clib/stdlib.c                         0x00000000   Number         0  exit.o ABSOLUTE
    ../fplib/cfplib/cmpret.c                 0x00000000   Number         0  cmpret.o ABSOLUTE
    ../fplib/cfplib/d2f.c                    0x00000000   Number         0  d2f.o ABSOLUTE
    ../fplib/cfplib/dcmpin.c                 0x00000000   Number         0  dcmpin.o ABSOLUTE
    ../fplib/cfplib/ddiv.c                   0x00000000   Number         0  ddiv.o ABSOLUTE
    ../fplib/cfplib/dmul.c                   0x00000000   Number         0  dmul.o ABSOLUTE
    ../fplib/cfplib/f2d.c                    0x00000000   Number         0  f2d.o ABSOLUTE
    ../fplib/cfplib/fflt.c                   0x00000000   Number         0  dflti.o ABSOLUTE
    ../fplib/cfplib/fpinit.c                 0x00000000   Number         0  fpinit.o ABSOLUTE
    ../fplib/cfplib/nan2.c                   0x00000000   Number         0  dnan2.o ABSOLUTE
    ../fplib/cfplib/retnan.c                 0x00000000   Number         0  retnan.o ABSOLUTE
    ../fplib/drleqf6m.s                      0x00000000   Number         0  drlef.o ABSOLUTE
    ../fplib/usenofp.s                       0x00000000   Number         0  usenofp.o ABSOLUTE
    ..\Core\Src\adc.c                        0x00000000   Number         0  adc.o ABSOLUTE
    ..\Core\Src\as608.c                      0x00000000   Number         0  as608.o ABSOLUTE
    ..\Core\Src\gpio.c                       0x00000000   Number         0  gpio.o ABSOLUTE
    ..\Core\Src\main.c                       0x00000000   Number         0  main.o ABSOLUTE
    ..\Core\Src\stm32f0xx_hal_msp.c          0x00000000   Number         0  stm32f0xx_hal_msp.o ABSOLUTE
    ..\Core\Src\stm32f0xx_it.c               0x00000000   Number         0  stm32f0xx_it.o ABSOLUTE
    ..\Core\Src\system_stm32f0xx.c           0x00000000   Number         0  system_stm32f0xx.o ABSOLUTE
    ..\Core\Src\tim.c                        0x00000000   Number         0  tim.o ABSOLUTE
    ..\Core\Src\usart.c                      0x00000000   Number         0  usart.o ABSOLUTE
    ..\Drivers\STM32F0xx_HAL_Driver\Src\stm32f0xx_hal.c 0x00000000   Number         0  stm32f0xx_hal.o ABSOLUTE
    ..\Drivers\STM32F0xx_HAL_Driver\Src\stm32f0xx_hal_adc.c 0x00000000   Number         0  stm32f0xx_hal_adc.o ABSOLUTE
    ..\Drivers\STM32F0xx_HAL_Driver\Src\stm32f0xx_hal_adc_ex.c 0x00000000   Number         0  stm32f0xx_hal_adc_ex.o ABSOLUTE
    ..\Drivers\STM32F0xx_HAL_Driver\Src\stm32f0xx_hal_cortex.c 0x00000000   Number         0  stm32f0xx_hal_cortex.o ABSOLUTE
    ..\Drivers\STM32F0xx_HAL_Driver\Src\stm32f0xx_hal_dma.c 0x00000000   Number         0  stm32f0xx_hal_dma.o ABSOLUTE
    ..\Drivers\STM32F0xx_HAL_Driver\Src\stm32f0xx_hal_exti.c 0x00000000   Number         0  stm32f0xx_hal_exti.o ABSOLUTE
    ..\Drivers\STM32F0xx_HAL_Driver\Src\stm32f0xx_hal_flash.c 0x00000000   Number         0  stm32f0xx_hal_flash.o ABSOLUTE
    ..\Drivers\STM32F0xx_HAL_Driver\Src\stm32f0xx_hal_flash_ex.c 0x00000000   Number         0  stm32f0xx_hal_flash_ex.o ABSOLUTE
    ..\Drivers\STM32F0xx_HAL_Driver\Src\stm32f0xx_hal_gpio.c 0x00000000   Number         0  stm32f0xx_hal_gpio.o ABSOLUTE
    ..\Drivers\STM32F0xx_HAL_Driver\Src\stm32f0xx_hal_i2c.c 0x00000000   Number         0  stm32f0xx_hal_i2c.o ABSOLUTE
    ..\Drivers\STM32F0xx_HAL_Driver\Src\stm32f0xx_hal_i2c_ex.c 0x00000000   Number         0  stm32f0xx_hal_i2c_ex.o ABSOLUTE
    ..\Drivers\STM32F0xx_HAL_Driver\Src\stm32f0xx_hal_pwr.c 0x00000000   Number         0  stm32f0xx_hal_pwr.o ABSOLUTE
    ..\Drivers\STM32F0xx_HAL_Driver\Src\stm32f0xx_hal_pwr_ex.c 0x00000000   Number         0  stm32f0xx_hal_pwr_ex.o ABSOLUTE
    ..\Drivers\STM32F0xx_HAL_Driver\Src\stm32f0xx_hal_rcc.c 0x00000000   Number         0  stm32f0xx_hal_rcc.o ABSOLUTE
    ..\Drivers\STM32F0xx_HAL_Driver\Src\stm32f0xx_hal_rcc_ex.c 0x00000000   Number         0  stm32f0xx_hal_rcc_ex.o ABSOLUTE
    ..\Drivers\STM32F0xx_HAL_Driver\Src\stm32f0xx_hal_tim.c 0x00000000   Number         0  stm32f0xx_hal_tim.o ABSOLUTE
    ..\Drivers\STM32F0xx_HAL_Driver\Src\stm32f0xx_hal_tim_ex.c 0x00000000   Number         0  stm32f0xx_hal_tim_ex.o ABSOLUTE
    ..\Drivers\STM32F0xx_HAL_Driver\Src\stm32f0xx_hal_uart.c 0x00000000   Number         0  stm32f0xx_hal_uart.o ABSOLUTE
    ..\Drivers\STM32F0xx_HAL_Driver\Src\stm32f0xx_hal_uart_ex.c 0x00000000   Number         0  stm32f0xx_hal_uart_ex.o ABSOLUTE
    ..\\Core\\Src\\as608.c                   0x00000000   Number         0  as608.o ABSOLUTE
    dc.s                                     0x00000000   Number         0  dc.o ABSOLUTE
    startup_stm32f030x6.s                    0x00000000   Number         0  startup_stm32f030x6.o ABSOLUTE
    RESET                                    0x08000000   Section      176  startup_stm32f030x6.o(RESET)
    !!!main                                  0x080000b0   Section        8  __main.o(!!!main)
    !!!scatter                               0x080000b8   Section       60  __scatter.o(!!!scatter)
    !!handler_copy                           0x080000f4   Section       26  __scatter_copy.o(!!handler_copy)
    !!handler_zi                             0x08000110   Section       28  __scatter_zi.o(!!handler_zi)
    .ARM.Collect$$libinit$$00000000          0x0800012c   Section        2  libinit.o(.ARM.Collect$$libinit$$00000000)
    .ARM.Collect$$libinit$$00000002          0x0800012e   Section        0  libinit2.o(.ARM.Collect$$libinit$$00000002)
    .ARM.Collect$$libinit$$00000004          0x0800012e   Section        0  libinit2.o(.ARM.Collect$$libinit$$00000004)
    .ARM.Collect$$libinit$$0000000A          0x0800012e   Section        0  libinit2.o(.ARM.Collect$$libinit$$0000000A)
    .ARM.Collect$$libinit$$0000000C          0x0800012e   Section        0  libinit2.o(.ARM.Collect$$libinit$$0000000C)
    .ARM.Collect$$libinit$$0000000E          0x0800012e   Section        0  libinit2.o(.ARM.Collect$$libinit$$0000000E)
    .ARM.Collect$$libinit$$00000011          0x0800012e   Section        0  libinit2.o(.ARM.Collect$$libinit$$00000011)
    .ARM.Collect$$libinit$$00000013          0x0800012e   Section        0  libinit2.o(.ARM.Collect$$libinit$$00000013)
    .ARM.Collect$$libinit$$00000015          0x0800012e   Section        0  libinit2.o(.ARM.Collect$$libinit$$00000015)
    .ARM.Collect$$libinit$$00000017          0x0800012e   Section        0  libinit2.o(.ARM.Collect$$libinit$$00000017)
    .ARM.Collect$$libinit$$00000019          0x0800012e   Section        0  libinit2.o(.ARM.Collect$$libinit$$00000019)
    .ARM.Collect$$libinit$$0000001B          0x0800012e   Section        0  libinit2.o(.ARM.Collect$$libinit$$0000001B)
    .ARM.Collect$$libinit$$0000001D          0x0800012e   Section        0  libinit2.o(.ARM.Collect$$libinit$$0000001D)
    .ARM.Collect$$libinit$$0000001F          0x0800012e   Section        0  libinit2.o(.ARM.Collect$$libinit$$0000001F)
    .ARM.Collect$$libinit$$00000021          0x0800012e   Section        0  libinit2.o(.ARM.Collect$$libinit$$00000021)
    .ARM.Collect$$libinit$$00000023          0x0800012e   Section        0  libinit2.o(.ARM.Collect$$libinit$$00000023)
    .ARM.Collect$$libinit$$00000025          0x0800012e   Section        0  libinit2.o(.ARM.Collect$$libinit$$00000025)
    .ARM.Collect$$libinit$$0000002C          0x0800012e   Section        0  libinit2.o(.ARM.Collect$$libinit$$0000002C)
    .ARM.Collect$$libinit$$0000002E          0x0800012e   Section        0  libinit2.o(.ARM.Collect$$libinit$$0000002E)
    .ARM.Collect$$libinit$$00000030          0x0800012e   Section        0  libinit2.o(.ARM.Collect$$libinit$$00000030)
    .ARM.Collect$$libinit$$00000032          0x0800012e   Section        0  libinit2.o(.ARM.Collect$$libinit$$00000032)
    .ARM.Collect$$libinit$$00000033          0x0800012e   Section        2  libinit2.o(.ARM.Collect$$libinit$$00000033)
    .ARM.Collect$$libshutdown$$00000000      0x08000130   Section        2  libshutdown.o(.ARM.Collect$$libshutdown$$00000000)
    .ARM.Collect$$libshutdown$$00000002      0x08000132   Section        0  libshutdown2.o(.ARM.Collect$$libshutdown$$00000002)
    .ARM.Collect$$libshutdown$$00000004      0x08000132   Section        0  libshutdown2.o(.ARM.Collect$$libshutdown$$00000004)
    .ARM.Collect$$libshutdown$$00000006      0x08000132   Section        0  libshutdown2.o(.ARM.Collect$$libshutdown$$00000006)
    .ARM.Collect$$libshutdown$$00000009      0x08000132   Section        0  libshutdown2.o(.ARM.Collect$$libshutdown$$00000009)
    .ARM.Collect$$libshutdown$$0000000C      0x08000132   Section        0  libshutdown2.o(.ARM.Collect$$libshutdown$$0000000C)
    .ARM.Collect$$libshutdown$$0000000E      0x08000132   Section        0  libshutdown2.o(.ARM.Collect$$libshutdown$$0000000E)
    .ARM.Collect$$libshutdown$$00000011      0x08000132   Section        0  libshutdown2.o(.ARM.Collect$$libshutdown$$00000011)
    .ARM.Collect$$libshutdown$$00000012      0x08000132   Section        2  libshutdown2.o(.ARM.Collect$$libshutdown$$00000012)
    .ARM.Collect$$rtentry$$00000000          0x08000134   Section        0  __rtentry.o(.ARM.Collect$$rtentry$$00000000)
    .ARM.Collect$$rtentry$$00000002          0x08000134   Section        0  __rtentry2.o(.ARM.Collect$$rtentry$$00000002)
    .ARM.Collect$$rtentry$$00000004          0x08000134   Section        6  __rtentry4.o(.ARM.Collect$$rtentry$$00000004)
    .ARM.Collect$$rtentry$$00000009          0x0800013a   Section        0  __rtentry2.o(.ARM.Collect$$rtentry$$00000009)
    .ARM.Collect$$rtentry$$0000000A          0x0800013a   Section        4  __rtentry2.o(.ARM.Collect$$rtentry$$0000000A)
    .ARM.Collect$$rtentry$$0000000C          0x0800013e   Section        0  __rtentry2.o(.ARM.Collect$$rtentry$$0000000C)
    .ARM.Collect$$rtentry$$0000000D          0x0800013e   Section        8  __rtentry2.o(.ARM.Collect$$rtentry$$0000000D)
    .ARM.Collect$$rtexit$$00000000           0x08000146   Section        2  rtexit.o(.ARM.Collect$$rtexit$$00000000)
    .ARM.Collect$$rtexit$$00000002           0x08000148   Section        0  rtexit2.o(.ARM.Collect$$rtexit$$00000002)
    .ARM.Collect$$rtexit$$00000003           0x08000148   Section        4  rtexit2.o(.ARM.Collect$$rtexit$$00000003)
    .ARM.Collect$$rtexit$$00000004           0x0800014c   Section        6  rtexit2.o(.ARM.Collect$$rtexit$$00000004)
    .emb_text                                0x08000154   Section       56  rt_memcpy.o(.emb_text)
    .text                                    0x0800018c   Section       56  startup_stm32f030x6.o(.text)
    .text                                    0x080001c4   Section        0  lludiv.o(.text)
    .text                                    0x080002c6   Section        0  rt_memclr.o(.text)
    .text                                    0x08000306   Section      346  aeabi_sdiv.o(.text)
    .text                                    0x08000460   Section        0  heapauxi.o(.text)
    .text                                    0x08000468   Section        0  d2f.o(.text)
    .text                                    0x080004e4   Section        0  ddiv.o(.text)
    .text                                    0x0800092c   Section        0  dflti.o(.text)
    .text                                    0x08000984   Section        0  dmul.o(.text)
    .text                                    0x08000bcc   Section        0  f2d.o(.text)
    .text                                    0x08000c20   Section        0  dcmpin.o(.text)
    .text                                    0x08000cb0   Section        0  cmpret.o(.text)
    .text                                    0x08000ce0   Section        0  dnan2.o(.text)
    .text                                    0x08000cf4   Section       62  sys_stackheap_outer.o(.text)
    .text                                    0x08000d32   Section        0  exit.o(.text)
    .text                                    0x08000d42   Section        0  retnan.o(.text)
    .text                                    0x08000da0   Section        8  libspace.o(.text)
    .text                                    0x08000da8   Section        0  sys_exit.o(.text)
    .text                                    0x08000db4   Section        2  use_no_semi.o(.text)
    .text                                    0x08000db6   Section        0  indicate_semi.o(.text)
    i.ADC_ConversionStop                     0x08000db6   Section        0  stm32f0xx_hal_adc.o(i.ADC_ConversionStop)
    ADC_ConversionStop                       0x08000db7   Thumb Code   120  stm32f0xx_hal_adc.o(i.ADC_ConversionStop)
    i.ADC_Disable                            0x08000e2e   Section        0  stm32f0xx_hal_adc.o(i.ADC_Disable)
    ADC_Disable                              0x08000e2f   Thumb Code   182  stm32f0xx_hal_adc.o(i.ADC_Disable)
    i.ADC_Enable                             0x08000ee4   Section        0  stm32f0xx_hal_adc.o(i.ADC_Enable)
    ADC_Enable                               0x08000ee5   Thumb Code   216  stm32f0xx_hal_adc.o(i.ADC_Enable)
    i.EXTI0_1_IRQHandler                     0x08000fc8   Section        0  stm32f0xx_it.o(i.EXTI0_1_IRQHandler)
    i.Error_Handler                          0x08000fd6   Section        0  main.o(i.Error_Handler)
    i.HAL_ADC_ConfigChannel                  0x08000fdc   Section        0  stm32f0xx_hal_adc.o(i.HAL_ADC_ConfigChannel)
    i.HAL_ADC_GetState                       0x08001164   Section        0  stm32f0xx_hal_adc.o(i.HAL_ADC_GetState)
    i.HAL_ADC_GetValue                       0x0800116a   Section        0  stm32f0xx_hal_adc.o(i.HAL_ADC_GetValue)
    i.HAL_ADC_Init                           0x08001174   Section        0  stm32f0xx_hal_adc.o(i.HAL_ADC_Init)
    i.HAL_ADC_MspInit                        0x08001338   Section        0  adc.o(i.HAL_ADC_MspInit)
    i.HAL_ADC_PollForConversion              0x080013ac   Section        0  stm32f0xx_hal_adc.o(i.HAL_ADC_PollForConversion)
    i.HAL_ADC_Start                          0x0800149c   Section        0  stm32f0xx_hal_adc.o(i.HAL_ADC_Start)
    i.HAL_ADC_Stop                           0x08001514   Section        0  stm32f0xx_hal_adc.o(i.HAL_ADC_Stop)
    i.HAL_Delay                              0x08001564   Section        0  stm32f0xx_hal.o(i.HAL_Delay)
    i.HAL_GPIO_EXTI_Callback                 0x08001590   Section        0  stm32f0xx_hal_gpio.o(i.HAL_GPIO_EXTI_Callback)
    i.HAL_GPIO_EXTI_IRQHandler               0x08001594   Section        0  stm32f0xx_hal_gpio.o(i.HAL_GPIO_EXTI_IRQHandler)
    i.HAL_GPIO_Init                          0x080015b4   Section        0  stm32f0xx_hal_gpio.o(i.HAL_GPIO_Init)
    i.HAL_GPIO_WritePin                      0x080017a4   Section        0  stm32f0xx_hal_gpio.o(i.HAL_GPIO_WritePin)
    i.HAL_GetTick                            0x080017b0   Section        0  stm32f0xx_hal.o(i.HAL_GetTick)
    i.HAL_IncTick                            0x080017bc   Section        0  stm32f0xx_hal.o(i.HAL_IncTick)
    i.HAL_Init                               0x080017d4   Section        0  stm32f0xx_hal.o(i.HAL_Init)
    i.HAL_InitTick                           0x080017f4   Section        0  stm32f0xx_hal.o(i.HAL_InitTick)
    i.HAL_MspInit                            0x08001848   Section        0  stm32f0xx_hal_msp.o(i.HAL_MspInit)
    i.HAL_NVIC_EnableIRQ                     0x08001888   Section        0  stm32f0xx_hal_cortex.o(i.HAL_NVIC_EnableIRQ)
    i.HAL_NVIC_SetPriority                   0x080018a4   Section        0  stm32f0xx_hal_cortex.o(i.HAL_NVIC_SetPriority)
    i.HAL_RCCEx_PeriphCLKConfig              0x080018b8   Section        0  stm32f0xx_hal_rcc_ex.o(i.HAL_RCCEx_PeriphCLKConfig)
    i.HAL_RCC_ClockConfig                    0x08001a08   Section        0  stm32f0xx_hal_rcc.o(i.HAL_RCC_ClockConfig)
    i.HAL_RCC_GetHCLKFreq                    0x08001b74   Section        0  stm32f0xx_hal_rcc.o(i.HAL_RCC_GetHCLKFreq)
    i.HAL_RCC_GetPCLK1Freq                   0x08001b80   Section        0  stm32f0xx_hal_rcc.o(i.HAL_RCC_GetPCLK1Freq)
    i.HAL_RCC_GetSysClockFreq                0x08001ba4   Section        0  stm32f0xx_hal_rcc.o(i.HAL_RCC_GetSysClockFreq)
    i.HAL_RCC_OscConfig                      0x08001c74   Section        0  stm32f0xx_hal_rcc.o(i.HAL_RCC_OscConfig)
    i.HAL_SYSTICK_Config                     0x08002200   Section        0  stm32f0xx_hal_cortex.o(i.HAL_SYSTICK_Config)
    i.HAL_TIMEx_MasterConfigSynchronization  0x08002238   Section        0  stm32f0xx_hal_tim_ex.o(i.HAL_TIMEx_MasterConfigSynchronization)
    i.HAL_TIM_Base_Init                      0x080022b0   Section        0  stm32f0xx_hal_tim.o(i.HAL_TIM_Base_Init)
    i.HAL_TIM_Base_MspInit                   0x08002314   Section        0  tim.o(i.HAL_TIM_Base_MspInit)
    i.HAL_TIM_ConfigClockSource              0x08002344   Section        0  stm32f0xx_hal_tim.o(i.HAL_TIM_ConfigClockSource)
    i.HAL_TIM_MspPostInit                    0x0800245c   Section        0  tim.o(i.HAL_TIM_MspPostInit)
    i.HAL_TIM_PWM_ConfigChannel              0x080024b8   Section        0  stm32f0xx_hal_tim.o(i.HAL_TIM_PWM_ConfigChannel)
    i.HAL_TIM_PWM_Init                       0x080025c2   Section        0  stm32f0xx_hal_tim.o(i.HAL_TIM_PWM_Init)
    i.HAL_TIM_PWM_MspInit                    0x08002626   Section        0  stm32f0xx_hal_tim.o(i.HAL_TIM_PWM_MspInit)
    i.HAL_TIM_PWM_Start                      0x08002628   Section        0  stm32f0xx_hal_tim.o(i.HAL_TIM_PWM_Start)
    i.HAL_TIM_PWM_Start_IT                   0x08002708   Section        0  stm32f0xx_hal_tim.o(i.HAL_TIM_PWM_Start_IT)
    i.HAL_TIM_PWM_Stop                       0x0800283c   Section        0  stm32f0xx_hal_tim.o(i.HAL_TIM_PWM_Stop)
    i.HAL_UART_Init                          0x08002900   Section        0  stm32f0xx_hal_uart.o(i.HAL_UART_Init)
    i.HAL_UART_MspInit                       0x08002980   Section        0  usart.o(i.HAL_UART_MspInit)
    i.HAL_UART_Receive                       0x08002a00   Section        0  stm32f0xx_hal_uart.o(i.HAL_UART_Receive)
    i.HAL_UART_Transmit                      0x08002b44   Section        0  stm32f0xx_hal_uart.o(i.HAL_UART_Transmit)
    i.HardFault_Handler                      0x08002c46   Section        0  stm32f0xx_it.o(i.HardFault_Handler)
    i.MX_ADC_Init                            0x08002c4c   Section        0  adc.o(i.MX_ADC_Init)
    i.MX_GPIO_Init                           0x08002cc4   Section        0  gpio.o(i.MX_GPIO_Init)
    i.MX_TIM3_Init                           0x08002d64   Section        0  tim.o(i.MX_TIM3_Init)
    i.MX_USART1_UART_Init                    0x08002e14   Section        0  usart.o(i.MX_USART1_UART_Init)
    i.NMI_Handler                            0x08002e5c   Section        0  stm32f0xx_it.o(i.NMI_Handler)
    i.PendSV_Handler                         0x08002e60   Section        0  stm32f0xx_it.o(i.PendSV_Handler)
    i.SVC_Handler                            0x08002e62   Section        0  stm32f0xx_it.o(i.SVC_Handler)
    i.SysTick_Handler                        0x08002e64   Section        0  stm32f0xx_it.o(i.SysTick_Handler)
    i.SystemClock_Config                     0x08002e6c   Section        0  main.o(i.SystemClock_Config)
    i.SystemInit                             0x08002eee   Section        0  system_stm32f0xx.o(i.SystemInit)
    i.TIM_Base_SetConfig                     0x08002ef0   Section        0  stm32f0xx_hal_tim.o(i.TIM_Base_SetConfig)
    i.TIM_CCxChannelCmd                      0x08002f80   Section        0  stm32f0xx_hal_tim.o(i.TIM_CCxChannelCmd)
    i.TIM_ETR_SetConfig                      0x08002fa2   Section        0  stm32f0xx_hal_tim.o(i.TIM_ETR_SetConfig)
    i.TIM_ITRx_SetConfig                     0x08002fbe   Section        0  stm32f0xx_hal_tim.o(i.TIM_ITRx_SetConfig)
    TIM_ITRx_SetConfig                       0x08002fbf   Thumb Code    24  stm32f0xx_hal_tim.o(i.TIM_ITRx_SetConfig)
    i.TIM_OC1_SetConfig                      0x08002fd8   Section        0  stm32f0xx_hal_tim.o(i.TIM_OC1_SetConfig)
    TIM_OC1_SetConfig                        0x08002fd9   Thumb Code   144  stm32f0xx_hal_tim.o(i.TIM_OC1_SetConfig)
    i.TIM_OC2_SetConfig                      0x08003074   Section        0  stm32f0xx_hal_tim.o(i.TIM_OC2_SetConfig)
    i.TIM_OC3_SetConfig                      0x08003124   Section        0  stm32f0xx_hal_tim.o(i.TIM_OC3_SetConfig)
    TIM_OC3_SetConfig                        0x08003125   Thumb Code   158  stm32f0xx_hal_tim.o(i.TIM_OC3_SetConfig)
    i.TIM_OC4_SetConfig                      0x080031d0   Section        0  stm32f0xx_hal_tim.o(i.TIM_OC4_SetConfig)
    TIM_OC4_SetConfig                        0x080031d1   Thumb Code   106  stm32f0xx_hal_tim.o(i.TIM_OC4_SetConfig)
    i.TIM_TI1_ConfigInputStage               0x08003248   Section        0  stm32f0xx_hal_tim.o(i.TIM_TI1_ConfigInputStage)
    TIM_TI1_ConfigInputStage                 0x08003249   Thumb Code    50  stm32f0xx_hal_tim.o(i.TIM_TI1_ConfigInputStage)
    i.TIM_TI2_ConfigInputStage               0x0800327a   Section        0  stm32f0xx_hal_tim.o(i.TIM_TI2_ConfigInputStage)
    TIM_TI2_ConfigInputStage                 0x0800327b   Thumb Code    50  stm32f0xx_hal_tim.o(i.TIM_TI2_ConfigInputStage)
    i.UART_AdvFeatureConfig                  0x080032ac   Section        0  stm32f0xx_hal_uart.o(i.UART_AdvFeatureConfig)
    i.UART_CheckIdleState                    0x0800339c   Section        0  stm32f0xx_hal_uart.o(i.UART_CheckIdleState)
    i.UART_SetConfig                         0x08003410   Section        0  stm32f0xx_hal_uart.o(i.UART_SetConfig)
    i.UART_WaitOnFlagUntilTimeout            0x08003590   Section        0  stm32f0xx_hal_uart.o(i.UART_WaitOnFlagUntilTimeout)
    i.__ARM_common_ll_muluu                  0x080036aa   Section        0  stm32f0xx_hal_rcc.o(i.__ARM_common_ll_muluu)
    i.__NVIC_SetPriority                     0x080036dc   Section        0  stm32f0xx_hal_cortex.o(i.__NVIC_SetPriority)
    __NVIC_SetPriority                       0x080036dd   Thumb Code   110  stm32f0xx_hal_cortex.o(i.__NVIC_SetPriority)
    i.__get_PRIMASK                          0x08003754   Section        0  stm32f0xx_hal_uart.o(i.__get_PRIMASK)
    __get_PRIMASK                            0x08003755   Thumb Code     6  stm32f0xx_hal_uart.o(i.__get_PRIMASK)
    i.__set_PRIMASK                          0x0800375a   Section        0  stm32f0xx_hal_uart.o(i.__set_PRIMASK)
    __set_PRIMASK                            0x0800375b   Thumb Code     6  stm32f0xx_hal_uart.o(i.__set_PRIMASK)
    i.do_def                                 0x08003760   Section        0  main.o(i.do_def)
    i.main                                   0x08003948   Section        0  main.o(i.main)
    i.test_battery                           0x080039b8   Section        0  adc.o(i.test_battery)
    i.test_conected                          0x08003a2c   Section        0  as608.o(i.test_conected)
    x$fpl$drleqf                             0x08003be4   Section      104  drlef.o(x$fpl$drleqf)
    .constdata                               0x08003c4c   Section       24  system_stm32f0xx.o(.constdata)
    x$fpl$usenofp                            0x08003c4c   Section        0  usenofp.o(x$fpl$usenofp)
    .constdata                               0x08003c64   Section      128  ddiv.o(.constdata)
    ddiv_reciptbl                            0x08003c64   Data         128  ddiv.o(.constdata)
    .data                                    0x20000000   Section        9  stm32f0xx_hal.o(.data)
    .data                                    0x2000000c   Section        4  system_stm32f0xx.o(.data)
    .bss                                     0x20000010   Section       64  adc.o(.bss)
    .bss                                     0x20000050   Section       72  tim.o(.bss)
    .bss                                     0x20000098   Section      132  usart.o(.bss)
    .bss                                     0x2000011c   Section       96  libspace.o(.bss)
    HEAP                                     0x20000180   Section      512  startup_stm32f030x6.o(HEAP)
    Heap_Mem                                 0x20000180   Data         512  startup_stm32f030x6.o(HEAP)
    STACK                                    0x20000380   Section     1024  startup_stm32f030x6.o(STACK)
    Stack_Mem                                0x20000380   Data        1024  startup_stm32f030x6.o(STACK)
    __initial_sp                             0x20000780   Data           0  startup_stm32f030x6.o(STACK)

    Global Symbols

    Symbol Name                              Value     Ov Type        Size  Object(Section)

    BuildAttributes$$THM_ISAv3M$S$PE$A:L22$X:L11$S22$IEEE1$IW$USESV6$~STKCKD$USESV7$~SHL$OSPACE$ROPI$EBA8$UX$STANDARDLIB$REQ8$PRES8$EABIv2 0x00000000   Number         0  anon$$obj.o ABSOLUTE
    __ARM_use_no_argv                        0x00000000   Number         0  main.o ABSOLUTE
    __ARM_exceptions_init                     - Undefined Weak Reference
    __alloca_initialize                       - Undefined Weak Reference
    __arm_fini_                               - Undefined Weak Reference
    __arm_preinit_                            - Undefined Weak Reference
    __cpp_initialize__aeabi_                  - Undefined Weak Reference
    __cxa_finalize                            - Undefined Weak Reference
    __rt_locale                               - Undefined Weak Reference
    __sigvec_lookup                           - Undefined Weak Reference
    _atexit_init                              - Undefined Weak Reference
    _call_atexit_fns                          - Undefined Weak Reference
    _clock_init                               - Undefined Weak Reference
    _fp_trap_init                             - Undefined Weak Reference
    _fp_trap_shutdown                         - Undefined Weak Reference
    _get_lc_collate                           - Undefined Weak Reference
    _get_lc_ctype                             - Undefined Weak Reference
    _get_lc_monetary                          - Undefined Weak Reference
    _get_lc_numeric                           - Undefined Weak Reference
    _get_lc_time                              - Undefined Weak Reference
    _getenv_init                              - Undefined Weak Reference
    _handle_redirection                       - Undefined Weak Reference
    _init_alloc                               - Undefined Weak Reference
    _init_user_alloc                          - Undefined Weak Reference
    _initio                                   - Undefined Weak Reference
    _rand_init                                - Undefined Weak Reference
    _signal_finish                            - Undefined Weak Reference
    _signal_init                              - Undefined Weak Reference
    _terminate_alloc                          - Undefined Weak Reference
    _terminate_user_alloc                     - Undefined Weak Reference
    _terminateio                              - Undefined Weak Reference
    __Vectors_Size                           0x000000b0   Number         0  startup_stm32f030x6.o ABSOLUTE
    __Vectors                                0x08000000   Data           4  startup_stm32f030x6.o(RESET)
    __Vectors_End                            0x080000b0   Data           0  startup_stm32f030x6.o(RESET)
    __main                                   0x080000b1   Thumb Code     8  __main.o(!!!main)
    __scatterload                            0x080000b9   Thumb Code     0  __scatter.o(!!!scatter)
    __scatterload_rt2                        0x080000b9   Thumb Code    52  __scatter.o(!!!scatter)
    __scatterload_rt2_thumb_only             0x080000b9   Thumb Code     0  __scatter.o(!!!scatter)
    __scatterload_null                       0x080000c9   Thumb Code     0  __scatter.o(!!!scatter)
    __scatterload_copy                       0x080000f5   Thumb Code    26  __scatter_copy.o(!!handler_copy)
    __scatterload_zeroinit                   0x08000111   Thumb Code    28  __scatter_zi.o(!!handler_zi)
    __rt_lib_init                            0x0800012d   Thumb Code     0  libinit.o(.ARM.Collect$$libinit$$00000000)
    __rt_lib_init_alloca_1                   0x0800012f   Thumb Code     0  libinit2.o(.ARM.Collect$$libinit$$0000002E)
    __rt_lib_init_argv_1                     0x0800012f   Thumb Code     0  libinit2.o(.ARM.Collect$$libinit$$0000002C)
    __rt_lib_init_atexit_1                   0x0800012f   Thumb Code     0  libinit2.o(.ARM.Collect$$libinit$$0000001B)
    __rt_lib_init_clock_1                    0x0800012f   Thumb Code     0  libinit2.o(.ARM.Collect$$libinit$$00000021)
    __rt_lib_init_cpp_1                      0x0800012f   Thumb Code     0  libinit2.o(.ARM.Collect$$libinit$$00000032)
    __rt_lib_init_exceptions_1               0x0800012f   Thumb Code     0  libinit2.o(.ARM.Collect$$libinit$$00000030)
    __rt_lib_init_fp_1                       0x0800012f   Thumb Code     0  libinit2.o(.ARM.Collect$$libinit$$00000002)
    __rt_lib_init_fp_trap_1                  0x0800012f   Thumb Code     0  libinit2.o(.ARM.Collect$$libinit$$0000001F)
    __rt_lib_init_getenv_1                   0x0800012f   Thumb Code     0  libinit2.o(.ARM.Collect$$libinit$$00000023)
    __rt_lib_init_heap_1                     0x0800012f   Thumb Code     0  libinit2.o(.ARM.Collect$$libinit$$0000000A)
    __rt_lib_init_lc_collate_1               0x0800012f   Thumb Code     0  libinit2.o(.ARM.Collect$$libinit$$00000011)
    __rt_lib_init_lc_ctype_1                 0x0800012f   Thumb Code     0  libinit2.o(.ARM.Collect$$libinit$$00000013)
    __rt_lib_init_lc_monetary_1              0x0800012f   Thumb Code     0  libinit2.o(.ARM.Collect$$libinit$$00000015)
    __rt_lib_init_lc_numeric_1               0x0800012f   Thumb Code     0  libinit2.o(.ARM.Collect$$libinit$$00000017)
    __rt_lib_init_lc_time_1                  0x0800012f   Thumb Code     0  libinit2.o(.ARM.Collect$$libinit$$00000019)
    __rt_lib_init_preinit_1                  0x0800012f   Thumb Code     0  libinit2.o(.ARM.Collect$$libinit$$00000004)
    __rt_lib_init_rand_1                     0x0800012f   Thumb Code     0  libinit2.o(.ARM.Collect$$libinit$$0000000E)
    __rt_lib_init_return                     0x0800012f   Thumb Code     0  libinit2.o(.ARM.Collect$$libinit$$00000033)
    __rt_lib_init_signal_1                   0x0800012f   Thumb Code     0  libinit2.o(.ARM.Collect$$libinit$$0000001D)
    __rt_lib_init_stdio_1                    0x0800012f   Thumb Code     0  libinit2.o(.ARM.Collect$$libinit$$00000025)
    __rt_lib_init_user_alloc_1               0x0800012f   Thumb Code     0  libinit2.o(.ARM.Collect$$libinit$$0000000C)
    __rt_lib_shutdown                        0x08000131   Thumb Code     0  libshutdown.o(.ARM.Collect$$libshutdown$$00000000)
    __rt_lib_shutdown_cpp_1                  0x08000133   Thumb Code     0  libshutdown2.o(.ARM.Collect$$libshutdown$$00000004)
    __rt_lib_shutdown_fini_1                 0x08000133   Thumb Code     0  libshutdown2.o(.ARM.Collect$$libshutdown$$00000002)
    __rt_lib_shutdown_fp_trap_1              0x08000133   Thumb Code     0  libshutdown2.o(.ARM.Collect$$libshutdown$$00000009)
    __rt_lib_shutdown_heap_1                 0x08000133   Thumb Code     0  libshutdown2.o(.ARM.Collect$$libshutdown$$00000011)
    __rt_lib_shutdown_return                 0x08000133   Thumb Code     0  libshutdown2.o(.ARM.Collect$$libshutdown$$00000012)
    __rt_lib_shutdown_signal_1               0x08000133   Thumb Code     0  libshutdown2.o(.ARM.Collect$$libshutdown$$0000000C)
    __rt_lib_shutdown_stdio_1                0x08000133   Thumb Code     0  libshutdown2.o(.ARM.Collect$$libshutdown$$00000006)
    __rt_lib_shutdown_user_alloc_1           0x08000133   Thumb Code     0  libshutdown2.o(.ARM.Collect$$libshutdown$$0000000E)
    __rt_entry                               0x08000135   Thumb Code     0  __rtentry.o(.ARM.Collect$$rtentry$$00000000)
    __rt_entry_presh_1                       0x08000135   Thumb Code     0  __rtentry2.o(.ARM.Collect$$rtentry$$00000002)
    __rt_entry_sh                            0x08000135   Thumb Code     0  __rtentry4.o(.ARM.Collect$$rtentry$$00000004)
    __rt_entry_li                            0x0800013b   Thumb Code     0  __rtentry2.o(.ARM.Collect$$rtentry$$0000000A)
    __rt_entry_postsh_1                      0x0800013b   Thumb Code     0  __rtentry2.o(.ARM.Collect$$rtentry$$00000009)
    __rt_entry_main                          0x0800013f   Thumb Code     0  __rtentry2.o(.ARM.Collect$$rtentry$$0000000D)
    __rt_entry_postli_1                      0x0800013f   Thumb Code     0  __rtentry2.o(.ARM.Collect$$rtentry$$0000000C)
    __rt_exit                                0x08000147   Thumb Code     0  rtexit.o(.ARM.Collect$$rtexit$$00000000)
    __rt_exit_ls                             0x08000149   Thumb Code     0  rtexit2.o(.ARM.Collect$$rtexit$$00000003)
    __rt_exit_prels_1                        0x08000149   Thumb Code     0  rtexit2.o(.ARM.Collect$$rtexit$$00000002)
    __rt_exit_exit                           0x0800014d   Thumb Code     0  rtexit2.o(.ARM.Collect$$rtexit$$00000004)
    __aeabi_memcpy4                          0x08000155   Thumb Code    56  rt_memcpy.o(.emb_text)
    __aeabi_memcpy8                          0x08000155   Thumb Code     0  rt_memcpy.o(.emb_text)
    Reset_Handler                            0x0800018d   Thumb Code     8  startup_stm32f030x6.o(.text)
    ADC1_IRQHandler                          0x0800019f   Thumb Code     0  startup_stm32f030x6.o(.text)
    DMA1_Channel1_IRQHandler                 0x0800019f   Thumb Code     0  startup_stm32f030x6.o(.text)
    DMA1_Channel2_3_IRQHandler               0x0800019f   Thumb Code     0  startup_stm32f030x6.o(.text)
    DMA1_Channel4_5_IRQHandler               0x0800019f   Thumb Code     0  startup_stm32f030x6.o(.text)
    EXTI2_3_IRQHandler                       0x0800019f   Thumb Code     0  startup_stm32f030x6.o(.text)
    EXTI4_15_IRQHandler                      0x0800019f   Thumb Code     0  startup_stm32f030x6.o(.text)
    FLASH_IRQHandler                         0x0800019f   Thumb Code     0  startup_stm32f030x6.o(.text)
    I2C1_IRQHandler                          0x0800019f   Thumb Code     0  startup_stm32f030x6.o(.text)
    RCC_IRQHandler                           0x0800019f   Thumb Code     0  startup_stm32f030x6.o(.text)
    RTC_IRQHandler                           0x0800019f   Thumb Code     0  startup_stm32f030x6.o(.text)
    SPI1_IRQHandler                          0x0800019f   Thumb Code     0  startup_stm32f030x6.o(.text)
    TIM14_IRQHandler                         0x0800019f   Thumb Code     0  startup_stm32f030x6.o(.text)
    TIM16_IRQHandler                         0x0800019f   Thumb Code     0  startup_stm32f030x6.o(.text)
    TIM17_IRQHandler                         0x0800019f   Thumb Code     0  startup_stm32f030x6.o(.text)
    TIM1_BRK_UP_TRG_COM_IRQHandler           0x0800019f   Thumb Code     0  startup_stm32f030x6.o(.text)
    TIM1_CC_IRQHandler                       0x0800019f   Thumb Code     0  startup_stm32f030x6.o(.text)
    TIM3_IRQHandler                          0x0800019f   Thumb Code     0  startup_stm32f030x6.o(.text)
    USART1_IRQHandler                        0x0800019f   Thumb Code     0  startup_stm32f030x6.o(.text)
    WWDG_IRQHandler                          0x0800019f   Thumb Code     0  startup_stm32f030x6.o(.text)
    __user_initial_stackheap                 0x080001a1   Thumb Code     0  startup_stm32f030x6.o(.text)
    __aeabi_uldivmod                         0x080001c5   Thumb Code   258  lludiv.o(.text)
    _ll_udiv                                 0x080001c5   Thumb Code     0  lludiv.o(.text)
    _memset_w                                0x080002c7   Thumb Code    26  rt_memclr.o(.text)
    _memset                                  0x080002e1   Thumb Code    30  rt_memclr.o(.text)
    __aeabi_memclr                           0x080002ff   Thumb Code     4  rt_memclr.o(.text)
    __rt_memclr                              0x080002ff   Thumb Code     0  rt_memclr.o(.text)
    __aeabi_memclr4                          0x08000303   Thumb Code     0  rt_memclr.o(.text)
    __aeabi_memclr8                          0x08000303   Thumb Code     0  rt_memclr.o(.text)
    __rt_memclr_w                            0x08000303   Thumb Code     4  rt_memclr.o(.text)
    __aeabi_uidiv                            0x08000307   Thumb Code     0  aeabi_sdiv.o(.text)
    __aeabi_uidivmod                         0x08000307   Thumb Code    20  aeabi_sdiv.o(.text)
    __aeabi_idiv                             0x0800031b   Thumb Code     0  aeabi_sdiv.o(.text)
    __aeabi_idivmod                          0x0800031b   Thumb Code   326  aeabi_sdiv.o(.text)
    __use_two_region_memory                  0x08000461   Thumb Code     2  heapauxi.o(.text)
    __rt_heap_escrow$2region                 0x08000463   Thumb Code     2  heapauxi.o(.text)
    __rt_heap_expand$2region                 0x08000465   Thumb Code     2  heapauxi.o(.text)
    __aeabi_d2f                              0x08000469   Thumb Code     0  d2f.o(.text)
    _d2f                                     0x08000469   Thumb Code   120  d2f.o(.text)
    __aeabi_ddiv                             0x080004e5   Thumb Code     0  ddiv.o(.text)
    _ddiv                                    0x080004e5   Thumb Code  1072  ddiv.o(.text)
    _drdiv                                   0x08000915   Thumb Code    20  ddiv.o(.text)
    __aeabi_i2d_normalise                    0x0800092d   Thumb Code    66  dflti.o(.text)
    __aeabi_i2d                              0x0800096f   Thumb Code    16  dflti.o(.text)
    _dflt                                    0x0800096f   Thumb Code     0  dflti.o(.text)
    __aeabi_ui2d                             0x0800097f   Thumb Code     6  dflti.o(.text)
    _dfltu                                   0x0800097f   Thumb Code     0  dflti.o(.text)
    __aeabi_dmul                             0x08000985   Thumb Code     0  dmul.o(.text)
    _dmul                                    0x08000985   Thumb Code   558  dmul.o(.text)
    __aeabi_f2d                              0x08000bcd   Thumb Code     0  f2d.o(.text)
    _f2d                                     0x08000bcd   Thumb Code    80  f2d.o(.text)
    __fpl_dcmp_InfNaN                        0x08000c21   Thumb Code   140  dcmpin.o(.text)
    __fpl_cmpreturn                          0x08000cb1   Thumb Code    46  cmpret.o(.text)
    __fpl_dcheck_NaN2                        0x08000ce1   Thumb Code    14  dnan2.o(.text)
    __user_setup_stackheap                   0x08000cf5   Thumb Code    62  sys_stackheap_outer.o(.text)
    exit                                     0x08000d33   Thumb Code    16  exit.o(.text)
    __fpl_return_NaN                         0x08000d43   Thumb Code    94  retnan.o(.text)
    __user_libspace                          0x08000da1   Thumb Code     8  libspace.o(.text)
    __user_perproc_libspace                  0x08000da1   Thumb Code     0  libspace.o(.text)
    __user_perthread_libspace                0x08000da1   Thumb Code     0  libspace.o(.text)
    _sys_exit                                0x08000da9   Thumb Code     8  sys_exit.o(.text)
    __I$use$semihosting                      0x08000db5   Thumb Code     0  use_no_semi.o(.text)
    __use_no_semihosting_swi                 0x08000db5   Thumb Code     2  use_no_semi.o(.text)
    __semihosting_library_function           0x08000db7   Thumb Code     0  indicate_semi.o(.text)
    EXTI0_1_IRQHandler                       0x08000fc9   Thumb Code    14  stm32f0xx_it.o(i.EXTI0_1_IRQHandler)
    Error_Handler                            0x08000fd7   Thumb Code     6  main.o(i.Error_Handler)
    HAL_ADC_ConfigChannel                    0x08000fdd   Thumb Code   374  stm32f0xx_hal_adc.o(i.HAL_ADC_ConfigChannel)
    HAL_ADC_GetState                         0x08001165   Thumb Code     6  stm32f0xx_hal_adc.o(i.HAL_ADC_GetState)
    HAL_ADC_GetValue                         0x0800116b   Thumb Code     8  stm32f0xx_hal_adc.o(i.HAL_ADC_GetValue)
    HAL_ADC_Init                             0x08001175   Thumb Code   442  stm32f0xx_hal_adc.o(i.HAL_ADC_Init)
    HAL_ADC_MspInit                          0x08001339   Thumb Code   106  adc.o(i.HAL_ADC_MspInit)
    HAL_ADC_PollForConversion                0x080013ad   Thumb Code   238  stm32f0xx_hal_adc.o(i.HAL_ADC_PollForConversion)
    HAL_ADC_Start                            0x0800149d   Thumb Code   114  stm32f0xx_hal_adc.o(i.HAL_ADC_Start)
    HAL_ADC_Stop                             0x08001515   Thumb Code    80  stm32f0xx_hal_adc.o(i.HAL_ADC_Stop)
    HAL_Delay                                0x08001565   Thumb Code    38  stm32f0xx_hal.o(i.HAL_Delay)
    HAL_GPIO_EXTI_Callback                   0x08001591   Thumb Code     2  stm32f0xx_hal_gpio.o(i.HAL_GPIO_EXTI_Callback)
    HAL_GPIO_EXTI_IRQHandler                 0x08001595   Thumb Code    26  stm32f0xx_hal_gpio.o(i.HAL_GPIO_EXTI_IRQHandler)
    HAL_GPIO_Init                            0x080015b5   Thumb Code   470  stm32f0xx_hal_gpio.o(i.HAL_GPIO_Init)
    HAL_GPIO_WritePin                        0x080017a5   Thumb Code    12  stm32f0xx_hal_gpio.o(i.HAL_GPIO_WritePin)
    HAL_GetTick                              0x080017b1   Thumb Code     6  stm32f0xx_hal.o(i.HAL_GetTick)
    HAL_IncTick                              0x080017bd   Thumb Code    16  stm32f0xx_hal.o(i.HAL_IncTick)
    HAL_Init                                 0x080017d5   Thumb Code    28  stm32f0xx_hal.o(i.HAL_Init)
    HAL_InitTick                             0x080017f5   Thumb Code    70  stm32f0xx_hal.o(i.HAL_InitTick)
    HAL_MspInit                              0x08001849   Thumb Code    60  stm32f0xx_hal_msp.o(i.HAL_MspInit)
    HAL_NVIC_EnableIRQ                       0x08001889   Thumb Code    22  stm32f0xx_hal_cortex.o(i.HAL_NVIC_EnableIRQ)
    HAL_NVIC_SetPriority                     0x080018a5   Thumb Code    18  stm32f0xx_hal_cortex.o(i.HAL_NVIC_SetPriority)
    HAL_RCCEx_PeriphCLKConfig                0x080018b9   Thumb Code   322  stm32f0xx_hal_rcc_ex.o(i.HAL_RCCEx_PeriphCLKConfig)
    HAL_RCC_ClockConfig                      0x08001a09   Thumb Code   342  stm32f0xx_hal_rcc.o(i.HAL_RCC_ClockConfig)
    HAL_RCC_GetHCLKFreq                      0x08001b75   Thumb Code     6  stm32f0xx_hal_rcc.o(i.HAL_RCC_GetHCLKFreq)
    HAL_RCC_GetPCLK1Freq                     0x08001b81   Thumb Code    26  stm32f0xx_hal_rcc.o(i.HAL_RCC_GetPCLK1Freq)
    HAL_RCC_GetSysClockFreq                  0x08001ba5   Thumb Code   162  stm32f0xx_hal_rcc.o(i.HAL_RCC_GetSysClockFreq)
    HAL_RCC_OscConfig                        0x08001c75   Thumb Code  1416  stm32f0xx_hal_rcc.o(i.HAL_RCC_OscConfig)
    HAL_SYSTICK_Config                       0x08002201   Thumb Code    46  stm32f0xx_hal_cortex.o(i.HAL_SYSTICK_Config)
    HAL_TIMEx_MasterConfigSynchronization    0x08002239   Thumb Code   110  stm32f0xx_hal_tim_ex.o(i.HAL_TIMEx_MasterConfigSynchronization)
    HAL_TIM_Base_Init                        0x080022b1   Thumb Code   100  stm32f0xx_hal_tim.o(i.HAL_TIM_Base_Init)
    HAL_TIM_Base_MspInit                     0x08002315   Thumb Code    40  tim.o(i.HAL_TIM_Base_MspInit)
    HAL_TIM_ConfigClockSource                0x08002345   Thumb Code   280  stm32f0xx_hal_tim.o(i.HAL_TIM_ConfigClockSource)
    HAL_TIM_MspPostInit                      0x0800245d   Thumb Code    84  tim.o(i.HAL_TIM_MspPostInit)
    HAL_TIM_PWM_ConfigChannel                0x080024b9   Thumb Code   266  stm32f0xx_hal_tim.o(i.HAL_TIM_PWM_ConfigChannel)
    HAL_TIM_PWM_Init                         0x080025c3   Thumb Code   100  stm32f0xx_hal_tim.o(i.HAL_TIM_PWM_Init)
    HAL_TIM_PWM_MspInit                      0x08002627   Thumb Code     2  stm32f0xx_hal_tim.o(i.HAL_TIM_PWM_MspInit)
    HAL_TIM_PWM_Start                        0x08002629   Thumb Code   206  stm32f0xx_hal_tim.o(i.HAL_TIM_PWM_Start)
    HAL_TIM_PWM_Start_IT                     0x08002709   Thumb Code   292  stm32f0xx_hal_tim.o(i.HAL_TIM_PWM_Start_IT)
    HAL_TIM_PWM_Stop                         0x0800283d   Thumb Code   178  stm32f0xx_hal_tim.o(i.HAL_TIM_PWM_Stop)
    HAL_UART_Init                            0x08002901   Thumb Code   126  stm32f0xx_hal_uart.o(i.HAL_UART_Init)
    HAL_UART_MspInit                         0x08002981   Thumb Code   120  usart.o(i.HAL_UART_MspInit)
    HAL_UART_Receive                         0x08002a01   Thumb Code   320  stm32f0xx_hal_uart.o(i.HAL_UART_Receive)
    HAL_UART_Transmit                        0x08002b45   Thumb Code   258  stm32f0xx_hal_uart.o(i.HAL_UART_Transmit)
    HardFault_Handler                        0x08002c47   Thumb Code     4  stm32f0xx_it.o(i.HardFault_Handler)
    MX_ADC_Init                              0x08002c4d   Thumb Code   112  adc.o(i.MX_ADC_Init)
    MX_GPIO_Init                             0x08002cc5   Thumb Code   154  gpio.o(i.MX_GPIO_Init)
    MX_TIM3_Init                             0x08002d65   Thumb Code   164  tim.o(i.MX_TIM3_Init)
    MX_USART1_UART_Init                      0x08002e15   Thumb Code    62  usart.o(i.MX_USART1_UART_Init)
    NMI_Handler                              0x08002e5d   Thumb Code     4  stm32f0xx_it.o(i.NMI_Handler)
    PendSV_Handler                           0x08002e61   Thumb Code     2  stm32f0xx_it.o(i.PendSV_Handler)
    SVC_Handler                              0x08002e63   Thumb Code     2  stm32f0xx_it.o(i.SVC_Handler)
    SysTick_Handler                          0x08002e65   Thumb Code     8  stm32f0xx_it.o(i.SysTick_Handler)
    SystemClock_Config                       0x08002e6d   Thumb Code   130  main.o(i.SystemClock_Config)
    SystemInit                               0x08002eef   Thumb Code     2  system_stm32f0xx.o(i.SystemInit)
    TIM_Base_SetConfig                       0x08002ef1   Thumb Code   122  stm32f0xx_hal_tim.o(i.TIM_Base_SetConfig)
    TIM_CCxChannelCmd                        0x08002f81   Thumb Code    34  stm32f0xx_hal_tim.o(i.TIM_CCxChannelCmd)
    TIM_ETR_SetConfig                        0x08002fa3   Thumb Code    28  stm32f0xx_hal_tim.o(i.TIM_ETR_SetConfig)
    TIM_OC2_SetConfig                        0x08003075   Thumb Code   162  stm32f0xx_hal_tim.o(i.TIM_OC2_SetConfig)
    UART_AdvFeatureConfig                    0x080032ad   Thumb Code   240  stm32f0xx_hal_uart.o(i.UART_AdvFeatureConfig)
    UART_CheckIdleState                      0x0800339d   Thumb Code   112  stm32f0xx_hal_uart.o(i.UART_CheckIdleState)
    UART_SetConfig                           0x08003411   Thumb Code   366  stm32f0xx_hal_uart.o(i.UART_SetConfig)
    UART_WaitOnFlagUntilTimeout              0x08003591   Thumb Code   282  stm32f0xx_hal_uart.o(i.UART_WaitOnFlagUntilTimeout)
    __ARM_common_ll_muluu                    0x080036ab   Thumb Code    48  stm32f0xx_hal_rcc.o(i.__ARM_common_ll_muluu)
    do_def                                   0x08003761   Thumb Code   450  main.o(i.do_def)
    main                                     0x08003949   Thumb Code   108  main.o(i.main)
    test_battery                             0x080039b9   Thumb Code    98  adc.o(i.test_battery)
    test_conected                            0x08003a2d   Thumb Code   342  as608.o(i.test_conected)
    __aeabi_cdrcmple                         0x08003be5   Thumb Code     0  drlef.o(x$fpl$drleqf)
    _drcmple                                 0x08003be5   Thumb Code   100  drlef.o(x$fpl$drleqf)
    AHBPrescTable                            0x08003c4c   Data          16  system_stm32f0xx.o(.constdata)
    __I$use$fp                               0x08003c4c   Number         0  usenofp.o(x$fpl$usenofp)
    APBPrescTable                            0x08003c5c   Data           8  system_stm32f0xx.o(.constdata)
    Region$$Table$$Base                      0x08003ce4   Number         0  anon$$obj.o(Region$$Table)
    Region$$Table$$Limit                     0x08003d04   Number         0  anon$$obj.o(Region$$Table)
    uwTick                                   0x20000000   Data           4  stm32f0xx_hal.o(.data)
    uwTickPrio                               0x20000004   Data           4  stm32f0xx_hal.o(.data)
    uwTickFreq                               0x20000008   Data           1  stm32f0xx_hal.o(.data)
    SystemCoreClock                          0x2000000c   Data           4  system_stm32f0xx.o(.data)
    hadc                                     0x20000010   Data          64  adc.o(.bss)
    htim3                                    0x20000050   Data          72  tim.o(.bss)
    huart1                                   0x20000098   Data         132  usart.o(.bss)
    __libspace_start                         0x2000011c   Data          96  libspace.o(.bss)
    __temporary_stack_top$libspace           0x2000017c   Data           0  libspace.o(.bss)



==============================================================================

Memory Map of the image

  Image Entry point : 0x080000b1

  Load Region LR_IROM1 (Base: 0x08000000, Size: 0x00003d14, Max: 0x00004000, ABSOLUTE)

    Execution Region ER_IROM1 (Exec base: 0x08000000, Load base: 0x08000000, Size: 0x00003d04, Max: 0x00004000, ABSOLUTE)

    Exec Addr    Load Addr    Size         Type   Attr      Idx    E Section Name        Object

    0x08000000   0x08000000   0x000000b0   Data   RO            3    RESET               startup_stm32f030x6.o
    0x080000b0   0x080000b0   0x00000008   Code   RO         3479  * !!!main             c_p.l(__main.o)
    0x080000b8   0x080000b8   0x0000003c   Code   RO         3676    !!!scatter          c_p.l(__scatter.o)
    0x080000f4   0x080000f4   0x0000001a   Code   RO         3678    !!handler_copy      c_p.l(__scatter_copy.o)
    0x0800010e   0x0800010e   0x00000002   PAD
    0x08000110   0x08000110   0x0000001c   Code   RO         3680    !!handler_zi        c_p.l(__scatter_zi.o)
    0x0800012c   0x0800012c   0x00000002   Code   RO         3541    .ARM.Collect$$libinit$$00000000  c_p.l(libinit.o)
    0x0800012e   0x0800012e   0x00000000   Code   RO         3557    .ARM.Collect$$libinit$$00000002  c_p.l(libinit2.o)
    0x0800012e   0x0800012e   0x00000000   Code   RO         3559    .ARM.Collect$$libinit$$00000004  c_p.l(libinit2.o)
    0x0800012e   0x0800012e   0x00000000   Code   RO         3562    .ARM.Collect$$libinit$$0000000A  c_p.l(libinit2.o)
    0x0800012e   0x0800012e   0x00000000   Code   RO         3564    .ARM.Collect$$libinit$$0000000C  c_p.l(libinit2.o)
    0x0800012e   0x0800012e   0x00000000   Code   RO         3566    .ARM.Collect$$libinit$$0000000E  c_p.l(libinit2.o)
    0x0800012e   0x0800012e   0x00000000   Code   RO         3569    .ARM.Collect$$libinit$$00000011  c_p.l(libinit2.o)
    0x0800012e   0x0800012e   0x00000000   Code   RO         3571    .ARM.Collect$$libinit$$00000013  c_p.l(libinit2.o)
    0x0800012e   0x0800012e   0x00000000   Code   RO         3573    .ARM.Collect$$libinit$$00000015  c_p.l(libinit2.o)
    0x0800012e   0x0800012e   0x00000000   Code   RO         3575    .ARM.Collect$$libinit$$00000017  c_p.l(libinit2.o)
    0x0800012e   0x0800012e   0x00000000   Code   RO         3577    .ARM.Collect$$libinit$$00000019  c_p.l(libinit2.o)
    0x0800012e   0x0800012e   0x00000000   Code   RO         3579    .ARM.Collect$$libinit$$0000001B  c_p.l(libinit2.o)
    0x0800012e   0x0800012e   0x00000000   Code   RO         3581    .ARM.Collect$$libinit$$0000001D  c_p.l(libinit2.o)
    0x0800012e   0x0800012e   0x00000000   Code   RO         3583    .ARM.Collect$$libinit$$0000001F  c_p.l(libinit2.o)
    0x0800012e   0x0800012e   0x00000000   Code   RO         3585    .ARM.Collect$$libinit$$00000021  c_p.l(libinit2.o)
    0x0800012e   0x0800012e   0x00000000   Code   RO         3587    .ARM.Collect$$libinit$$00000023  c_p.l(libinit2.o)
    0x0800012e   0x0800012e   0x00000000   Code   RO         3589    .ARM.Collect$$libinit$$00000025  c_p.l(libinit2.o)
    0x0800012e   0x0800012e   0x00000000   Code   RO         3593    .ARM.Collect$$libinit$$0000002C  c_p.l(libinit2.o)
    0x0800012e   0x0800012e   0x00000000   Code   RO         3595    .ARM.Collect$$libinit$$0000002E  c_p.l(libinit2.o)
    0x0800012e   0x0800012e   0x00000000   Code   RO         3597    .ARM.Collect$$libinit$$00000030  c_p.l(libinit2.o)
    0x0800012e   0x0800012e   0x00000000   Code   RO         3599    .ARM.Collect$$libinit$$00000032  c_p.l(libinit2.o)
    0x0800012e   0x0800012e   0x00000002   Code   RO         3600    .ARM.Collect$$libinit$$00000033  c_p.l(libinit2.o)
    0x08000130   0x08000130   0x00000002   Code   RO         3631    .ARM.Collect$$libshutdown$$00000000  c_p.l(libshutdown.o)
    0x08000132   0x08000132   0x00000000   Code   RO         3657    .ARM.Collect$$libshutdown$$00000002  c_p.l(libshutdown2.o)
    0x08000132   0x08000132   0x00000000   Code   RO         3659    .ARM.Collect$$libshutdown$$00000004  c_p.l(libshutdown2.o)
    0x08000132   0x08000132   0x00000000   Code   RO         3661    .ARM.Collect$$libshutdown$$00000006  c_p.l(libshutdown2.o)
    0x08000132   0x08000132   0x00000000   Code   RO         3664    .ARM.Collect$$libshutdown$$00000009  c_p.l(libshutdown2.o)
    0x08000132   0x08000132   0x00000000   Code   RO         3667    .ARM.Collect$$libshutdown$$0000000C  c_p.l(libshutdown2.o)
    0x08000132   0x08000132   0x00000000   Code   RO         3669    .ARM.Collect$$libshutdown$$0000000E  c_p.l(libshutdown2.o)
    0x08000132   0x08000132   0x00000000   Code   RO         3672    .ARM.Collect$$libshutdown$$00000011  c_p.l(libshutdown2.o)
    0x08000132   0x08000132   0x00000002   Code   RO         3673    .ARM.Collect$$libshutdown$$00000012  c_p.l(libshutdown2.o)
    0x08000134   0x08000134   0x00000000   Code   RO         3494    .ARM.Collect$$rtentry$$00000000  c_p.l(__rtentry.o)
    0x08000134   0x08000134   0x00000000   Code   RO         3507    .ARM.Collect$$rtentry$$00000002  c_p.l(__rtentry2.o)
    0x08000134   0x08000134   0x00000006   Code   RO         3519    .ARM.Collect$$rtentry$$00000004  c_p.l(__rtentry4.o)
    0x0800013a   0x0800013a   0x00000000   Code   RO         3509    .ARM.Collect$$rtentry$$00000009  c_p.l(__rtentry2.o)
    0x0800013a   0x0800013a   0x00000004   Code   RO         3510    .ARM.Collect$$rtentry$$0000000A  c_p.l(__rtentry2.o)
    0x0800013e   0x0800013e   0x00000000   Code   RO         3512    .ARM.Collect$$rtentry$$0000000C  c_p.l(__rtentry2.o)
    0x0800013e   0x0800013e   0x00000008   Code   RO         3513    .ARM.Collect$$rtentry$$0000000D  c_p.l(__rtentry2.o)
    0x08000146   0x08000146   0x00000002   Code   RO         3548    .ARM.Collect$$rtexit$$00000000  c_p.l(rtexit.o)
    0x08000148   0x08000148   0x00000000   Code   RO         3604    .ARM.Collect$$rtexit$$00000002  c_p.l(rtexit2.o)
    0x08000148   0x08000148   0x00000004   Code   RO         3605    .ARM.Collect$$rtexit$$00000003  c_p.l(rtexit2.o)
    0x0800014c   0x0800014c   0x00000006   Code   RO         3606    .ARM.Collect$$rtexit$$00000004  c_p.l(rtexit2.o)
    0x08000152   0x08000152   0x00000002   PAD
    0x08000154   0x08000154   0x00000038   Code   RO         3467    .emb_text           c_p.l(rt_memcpy.o)
    0x0800018c   0x0800018c   0x00000038   Code   RO            4    .text               startup_stm32f030x6.o
    0x080001c4   0x080001c4   0x00000102   Code   RO         3465    .text               c_p.l(lludiv.o)
    0x080002c6   0x080002c6   0x00000040   Code   RO         3471    .text               c_p.l(rt_memclr.o)
    0x08000306   0x08000306   0x0000015a   Code   RO         3473    .text               c_p.l(aeabi_sdiv.o)
    0x08000460   0x08000460   0x00000006   Code   RO         3477    .text               c_p.l(heapauxi.o)
    0x08000466   0x08000466   0x00000002   PAD
    0x08000468   0x08000468   0x0000007c   Code   RO         3481    .text               fz_ps.l(d2f.o)
    0x080004e4   0x080004e4   0x00000448   Code   RO         3483    .text               fz_ps.l(ddiv.o)
    0x0800092c   0x0800092c   0x00000058   Code   RO         3486    .text               fz_ps.l(dflti.o)
    0x08000984   0x08000984   0x00000248   Code   RO         3488    .text               fz_ps.l(dmul.o)
    0x08000bcc   0x08000bcc   0x00000054   Code   RO         3492    .text               fz_ps.l(f2d.o)
    0x08000c20   0x08000c20   0x00000090   Code   RO         3503    .text               fz_ps.l(dcmpin.o)
    0x08000cb0   0x08000cb0   0x0000002e   Code   RO         3523    .text               fz_ps.l(cmpret.o)
    0x08000cde   0x08000cde   0x00000002   PAD
    0x08000ce0   0x08000ce0   0x00000014   Code   RO         3525    .text               fz_ps.l(dnan2.o)
    0x08000cf4   0x08000cf4   0x0000003e   Code   RO         3527    .text               c_p.l(sys_stackheap_outer.o)
    0x08000d32   0x08000d32   0x00000010   Code   RO         3530    .text               c_p.l(exit.o)
    0x08000d42   0x08000d42   0x0000005e   Code   RO         3542    .text               fz_ps.l(retnan.o)
    0x08000da0   0x08000da0   0x00000008   Code   RO         3544    .text               c_p.l(libspace.o)
    0x08000da8   0x08000da8   0x0000000c   Code   RO         3601    .text               c_p.l(sys_exit.o)
    0x08000db4   0x08000db4   0x00000002   Code   RO         3620    .text               c_p.l(use_no_semi.o)
    0x08000db6   0x08000db6   0x00000000   Code   RO         3622    .text               c_p.l(indicate_semi.o)
    0x08000db6   0x08000db6   0x00000078   Code   RO          412    i.ADC_ConversionStop  stm32f0xx_hal_adc.o
    0x08000e2e   0x08000e2e   0x000000b6   Code   RO          416    i.ADC_Disable       stm32f0xx_hal_adc.o
    0x08000ee4   0x08000ee4   0x000000e4   Code   RO          417    i.ADC_Enable        stm32f0xx_hal_adc.o
    0x08000fc8   0x08000fc8   0x0000000e   Code   RO          339    i.EXTI0_1_IRQHandler  stm32f0xx_it.o
    0x08000fd6   0x08000fd6   0x00000006   Code   RO          144    i.Error_Handler     main.o
    0x08000fdc   0x08000fdc   0x00000188   Code   RO          419    i.HAL_ADC_ConfigChannel  stm32f0xx_hal_adc.o
    0x08001164   0x08001164   0x00000006   Code   RO          425    i.HAL_ADC_GetState  stm32f0xx_hal_adc.o
    0x0800116a   0x0800116a   0x00000008   Code   RO          426    i.HAL_ADC_GetValue  stm32f0xx_hal_adc.o
    0x08001172   0x08001172   0x00000002   PAD
    0x08001174   0x08001174   0x000001c4   Code   RO          428    i.HAL_ADC_Init      stm32f0xx_hal_adc.o
    0x08001338   0x08001338   0x00000074   Code   RO          214    i.HAL_ADC_MspInit   adc.o
    0x080013ac   0x080013ac   0x000000ee   Code   RO          432    i.HAL_ADC_PollForConversion  stm32f0xx_hal_adc.o
    0x0800149a   0x0800149a   0x00000002   PAD
    0x0800149c   0x0800149c   0x00000078   Code   RO          434    i.HAL_ADC_Start     stm32f0xx_hal_adc.o
    0x08001514   0x08001514   0x00000050   Code   RO          437    i.HAL_ADC_Stop      stm32f0xx_hal_adc.o
    0x08001564   0x08001564   0x0000002c   Code   RO          739    i.HAL_Delay         stm32f0xx_hal.o
    0x08001590   0x08001590   0x00000002   Code   RO         1389    i.HAL_GPIO_EXTI_Callback  stm32f0xx_hal_gpio.o
    0x08001592   0x08001592   0x00000002   PAD
    0x08001594   0x08001594   0x00000020   Code   RO         1390    i.HAL_GPIO_EXTI_IRQHandler  stm32f0xx_hal_gpio.o
    0x080015b4   0x080015b4   0x000001f0   Code   RO         1391    i.HAL_GPIO_Init     stm32f0xx_hal_gpio.o
    0x080017a4   0x080017a4   0x0000000c   Code   RO         1395    i.HAL_GPIO_WritePin  stm32f0xx_hal_gpio.o
    0x080017b0   0x080017b0   0x0000000c   Code   RO          743    i.HAL_GetTick       stm32f0xx_hal.o
    0x080017bc   0x080017bc   0x00000018   Code   RO          749    i.HAL_IncTick       stm32f0xx_hal.o
    0x080017d4   0x080017d4   0x00000020   Code   RO          750    i.HAL_Init          stm32f0xx_hal.o
    0x080017f4   0x080017f4   0x00000054   Code   RO          751    i.HAL_InitTick      stm32f0xx_hal.o
    0x08001848   0x08001848   0x00000040   Code   RO          392    i.HAL_MspInit       stm32f0xx_hal_msp.o
    0x08001888   0x08001888   0x0000001c   Code   RO         1550    i.HAL_NVIC_EnableIRQ  stm32f0xx_hal_cortex.o
    0x080018a4   0x080018a4   0x00000012   Code   RO         1554    i.HAL_NVIC_SetPriority  stm32f0xx_hal_cortex.o
    0x080018b6   0x080018b6   0x00000002   PAD
    0x080018b8   0x080018b8   0x00000150   Code   RO          704    i.HAL_RCCEx_PeriphCLKConfig  stm32f0xx_hal_rcc_ex.o
    0x08001a08   0x08001a08   0x0000016c   Code   RO          609    i.HAL_RCC_ClockConfig  stm32f0xx_hal_rcc.o
    0x08001b74   0x08001b74   0x0000000c   Code   RO          614    i.HAL_RCC_GetHCLKFreq  stm32f0xx_hal_rcc.o
    0x08001b80   0x08001b80   0x00000024   Code   RO          616    i.HAL_RCC_GetPCLK1Freq  stm32f0xx_hal_rcc.o
    0x08001ba4   0x08001ba4   0x000000d0   Code   RO          617    i.HAL_RCC_GetSysClockFreq  stm32f0xx_hal_rcc.o
    0x08001c74   0x08001c74   0x0000058c   Code   RO          620    i.HAL_RCC_OscConfig  stm32f0xx_hal_rcc.o
    0x08002200   0x08002200   0x00000038   Code   RO         1558    i.HAL_SYSTICK_Config  stm32f0xx_hal_cortex.o
    0x08002238   0x08002238   0x00000078   Code   RO         2743    i.HAL_TIMEx_MasterConfigSynchronization  stm32f0xx_hal_tim_ex.o
    0x080022b0   0x080022b0   0x00000064   Code   RO         2013    i.HAL_TIM_Base_Init  stm32f0xx_hal_tim.o
    0x08002314   0x08002314   0x00000030   Code   RO          258    i.HAL_TIM_Base_MspInit  tim.o
    0x08002344   0x08002344   0x00000118   Code   RO         2022    i.HAL_TIM_ConfigClockSource  stm32f0xx_hal_tim.o
    0x0800245c   0x0800245c   0x0000005c   Code   RO          259    i.HAL_TIM_MspPostInit  tim.o
    0x080024b8   0x080024b8   0x0000010a   Code   RO         2085    i.HAL_TIM_PWM_ConfigChannel  stm32f0xx_hal_tim.o
    0x080025c2   0x080025c2   0x00000064   Code   RO         2088    i.HAL_TIM_PWM_Init  stm32f0xx_hal_tim.o
    0x08002626   0x08002626   0x00000002   Code   RO         2090    i.HAL_TIM_PWM_MspInit  stm32f0xx_hal_tim.o
    0x08002628   0x08002628   0x000000e0   Code   RO         2093    i.HAL_TIM_PWM_Start  stm32f0xx_hal_tim.o
    0x08002708   0x08002708   0x00000134   Code   RO         2095    i.HAL_TIM_PWM_Start_IT  stm32f0xx_hal_tim.o
    0x0800283c   0x0800283c   0x000000c4   Code   RO         2096    i.HAL_TIM_PWM_Stop  stm32f0xx_hal_tim.o
    0x08002900   0x08002900   0x0000007e   Code   RO         3014    i.HAL_UART_Init     stm32f0xx_hal_uart.o
    0x0800297e   0x0800297e   0x00000002   PAD
    0x08002980   0x08002980   0x00000080   Code   RO          302    i.HAL_UART_MspInit  usart.o
    0x08002a00   0x08002a00   0x00000144   Code   RO         3017    i.HAL_UART_Receive  stm32f0xx_hal_uart.o
    0x08002b44   0x08002b44   0x00000102   Code   RO         3023    i.HAL_UART_Transmit  stm32f0xx_hal_uart.o
    0x08002c46   0x08002c46   0x00000004   Code   RO          340    i.HardFault_Handler  stm32f0xx_it.o
    0x08002c4a   0x08002c4a   0x00000002   PAD
    0x08002c4c   0x08002c4c   0x00000078   Code   RO          215    i.MX_ADC_Init       adc.o
    0x08002cc4   0x08002cc4   0x000000a0   Code   RO          193    i.MX_GPIO_Init      gpio.o
    0x08002d64   0x08002d64   0x000000b0   Code   RO          260    i.MX_TIM3_Init      tim.o
    0x08002e14   0x08002e14   0x00000048   Code   RO          303    i.MX_USART1_UART_Init  usart.o
    0x08002e5c   0x08002e5c   0x00000004   Code   RO          341    i.NMI_Handler       stm32f0xx_it.o
    0x08002e60   0x08002e60   0x00000002   Code   RO          342    i.PendSV_Handler    stm32f0xx_it.o
    0x08002e62   0x08002e62   0x00000002   Code   RO          343    i.SVC_Handler       stm32f0xx_it.o
    0x08002e64   0x08002e64   0x00000008   Code   RO          344    i.SysTick_Handler   stm32f0xx_it.o
    0x08002e6c   0x08002e6c   0x00000082   Code   RO          145    i.SystemClock_Config  main.o
    0x08002eee   0x08002eee   0x00000002   Code   RO         3431    i.SystemInit        system_stm32f0xx.o
    0x08002ef0   0x08002ef0   0x00000090   Code   RO         2106    i.TIM_Base_SetConfig  stm32f0xx_hal_tim.o
    0x08002f80   0x08002f80   0x00000022   Code   RO         2107    i.TIM_CCxChannelCmd  stm32f0xx_hal_tim.o
    0x08002fa2   0x08002fa2   0x0000001c   Code   RO         2117    i.TIM_ETR_SetConfig  stm32f0xx_hal_tim.o
    0x08002fbe   0x08002fbe   0x00000018   Code   RO         2118    i.TIM_ITRx_SetConfig  stm32f0xx_hal_tim.o
    0x08002fd6   0x08002fd6   0x00000002   PAD
    0x08002fd8   0x08002fd8   0x0000009c   Code   RO         2119    i.TIM_OC1_SetConfig  stm32f0xx_hal_tim.o
    0x08003074   0x08003074   0x000000b0   Code   RO         2120    i.TIM_OC2_SetConfig  stm32f0xx_hal_tim.o
    0x08003124   0x08003124   0x000000ac   Code   RO         2121    i.TIM_OC3_SetConfig  stm32f0xx_hal_tim.o
    0x080031d0   0x080031d0   0x00000078   Code   RO         2122    i.TIM_OC4_SetConfig  stm32f0xx_hal_tim.o
    0x08003248   0x08003248   0x00000032   Code   RO         2124    i.TIM_TI1_ConfigInputStage  stm32f0xx_hal_tim.o
    0x0800327a   0x0800327a   0x00000032   Code   RO         2126    i.TIM_TI2_ConfigInputStage  stm32f0xx_hal_tim.o
    0x080032ac   0x080032ac   0x000000f0   Code   RO         3028    i.UART_AdvFeatureConfig  stm32f0xx_hal_uart.o
    0x0800339c   0x0800339c   0x00000074   Code   RO         3029    i.UART_CheckIdleState  stm32f0xx_hal_uart.o
    0x08003410   0x08003410   0x00000180   Code   RO         3045    i.UART_SetConfig    stm32f0xx_hal_uart.o
    0x08003590   0x08003590   0x0000011a   Code   RO         3050    i.UART_WaitOnFlagUntilTimeout  stm32f0xx_hal_uart.o
    0x080036aa   0x080036aa   0x00000030   Code   RO          695    i.__ARM_common_ll_muluu  stm32f0xx_hal_rcc.o
    0x080036da   0x080036da   0x00000002   PAD
    0x080036dc   0x080036dc   0x00000078   Code   RO         1560    i.__NVIC_SetPriority  stm32f0xx_hal_cortex.o
    0x08003754   0x08003754   0x00000006   Code   RO         3051    i.__get_PRIMASK     stm32f0xx_hal_uart.o
    0x0800375a   0x0800375a   0x00000006   Code   RO         3052    i.__set_PRIMASK     stm32f0xx_hal_uart.o
    0x08003760   0x08003760   0x000001e8   Code   RO          146    i.do_def            main.o
    0x08003948   0x08003948   0x00000070   Code   RO          147    i.main              main.o
    0x080039b8   0x080039b8   0x00000074   Code   RO          216    i.test_battery      adc.o
    0x08003a2c   0x08003a2c   0x000001b8   Code   RO           12    i.test_conected     as608.o
    0x08003be4   0x08003be4   0x00000068   Code   RO         3490    x$fpl$drleqf        fz_ps.l(drlef.o)
    0x08003c4c   0x08003c4c   0x00000000   Code   RO         3505    x$fpl$usenofp       fz_ps.l(usenofp.o)
    0x08003c4c   0x08003c4c   0x00000018   Data   RO         3432    .constdata          system_stm32f0xx.o
    0x08003c64   0x08003c64   0x00000080   Data   RO         3484    .constdata          fz_ps.l(ddiv.o)
    0x08003ce4   0x08003ce4   0x00000020   Data   RO         3674    Region$$Table       anon$$obj.o


    Execution Region RW_IRAM1 (Exec base: 0x20000000, Load base: 0x08003d04, Size: 0x00000780, Max: 0x00001000, ABSOLUTE)

    Exec Addr    Load Addr    Size         Type   Attr      Idx    E Section Name        Object

    0x20000000   0x08003d04   0x00000009   Data   RW          757    .data               stm32f0xx_hal.o
    0x20000009   0x08003d0d   0x00000003   PAD
    0x2000000c   0x08003d10   0x00000004   Data   RW         3433    .data               system_stm32f0xx.o
    0x20000010        -       0x00000040   Zero   RW          217    .bss                adc.o
    0x20000050        -       0x00000048   Zero   RW          261    .bss                tim.o
    0x20000098        -       0x00000084   Zero   RW          304    .bss                usart.o
    0x2000011c        -       0x00000060   Zero   RW         3545    .bss                c_p.l(libspace.o)
    0x2000017c   0x08003d14   0x00000004   PAD
    0x20000180        -       0x00000200   Zero   RW            2    HEAP                startup_stm32f030x6.o
    0x20000380        -       0x00000400   Zero   RW            1    STACK               startup_stm32f030x6.o


==============================================================================

Image component sizes


      Code (inc. data)   RO Data    RW Data    ZI Data      Debug   Object Name

       352         36          0          0         64       2238   adc.o
       440         98          0          0          0     277688   as608.o
       160          6          0          0          0        883   gpio.o
       736         42          0          0          0       2285   main.o
        56         26        176          0       1536        636   startup_stm32f030x6.o
       196         38          0          9          0       7813   stm32f0xx_hal.o
      1826         46          0          0          0       8064   stm32f0xx_hal_adc.o
       222         26          0          0          0      10345   stm32f0xx_hal_cortex.o
       542         32          0          0          0       3120   stm32f0xx_hal_gpio.o
        64          4          0          0          0        826   stm32f0xx_hal_msp.o
      2088        102          0          0          0       5133   stm32f0xx_hal_rcc.o
       336         14          0          0          0       1388   stm32f0xx_hal_rcc_ex.o
      2430        128          0          0          0      13492   stm32f0xx_hal_tim.o
       120         10          0          0          0       1288   stm32f0xx_hal_tim_ex.o
      1742         26          0          0          0      10540   stm32f0xx_hal_uart.o
        34          0          0          0          0       2596   stm32f0xx_it.o
         2          0         24          4          0       1111   system_stm32f0xx.o
       316         28          0          0         72       2296   tim.o
       200         18          0          0        132       1654   usart.o

    ----------------------------------------------------------------------
     11878        680        232         16       1804     353396   Object Totals
         0          0         32          0          0          0   (incl. Generated)
        16          0          0          3          0          0   (incl. Padding)

    ----------------------------------------------------------------------

      Code (inc. data)   RO Data    RW Data    ZI Data      Debug   Library Member Name

         8          0          0          0          0         68   __main.o
         0          0          0          0          0          0   __rtentry.o
        12          0          0          0          0          0   __rtentry2.o
         6          0          0          0          0          0   __rtentry4.o
        60          8          0          0          0          0   __scatter.o
        26          0          0          0          0          0   __scatter_copy.o
        28          0          0          0          0          0   __scatter_zi.o
       346          0          0          0          0         92   aeabi_sdiv.o
        16          0          0          0          0         68   exit.o
         6          0          0          0          0        136   heapauxi.o
         0          0          0          0          0          0   indicate_semi.o
         2          0          0          0          0          0   libinit.o
         2          0          0          0          0          0   libinit2.o
         2          0          0          0          0          0   libshutdown.o
         2          0          0          0          0          0   libshutdown2.o
         8          4          0          0         96         68   libspace.o
       258          0          0          0          0         88   lludiv.o
        64          0          0          0          0        108   rt_memclr.o
        56          0          0          0          0         68   rt_memcpy.o
         2          0          0          0          0          0   rtexit.o
        10          0          0          0          0          0   rtexit2.o
        12          4          0          0          0         60   sys_exit.o
        62          0          0          0          0         80   sys_stackheap_outer.o
         2          0          0          0          0         68   use_no_semi.o
        46          0          0          0          0         60   cmpret.o
       124          4          0          0          0         72   d2f.o
       144          4          0          0          0         76   dcmpin.o
      1096         26        128          0          0        112   ddiv.o
        88          0          0          0          0         92   dflti.o
       584         26          0          0          0         84   dmul.o
        20          6          0          0          0         68   dnan2.o
       104          4          0          0          0        104   drlef.o
        84          4          0          0          0         60   f2d.o
        94          0          0          0          0         68   retnan.o
         0          0          0          0          0          0   usenofp.o

    ----------------------------------------------------------------------
      3382         90        128          0        100       1700   Library Totals
         8          0          0          0          4          0   (incl. Padding)

    ----------------------------------------------------------------------

      Code (inc. data)   RO Data    RW Data    ZI Data      Debug   Library Name

       990         16          0          0         96        904   c_p.l
      2384         74        128          0          0        796   fz_ps.l

    ----------------------------------------------------------------------
      3382         90        128          0        100       1700   Library Totals

    ----------------------------------------------------------------------

==============================================================================


      Code (inc. data)   RO Data    RW Data    ZI Data      Debug   

     15260        770        360         16       1904     351064   Grand Totals
     15260        770        360         16       1904     351064   ELF Image Totals
     15260        770        360         16          0          0   ROM Totals

==============================================================================

    Total RO  Size (Code + RO Data)                15620 (  15.25kB)
    Total RW  Size (RW Data + ZI Data)              1920 (   1.88kB)
    Total ROM Size (Code + RO Data + RW Data)      15636 (  15.27kB)

==============================================================================

